<html>
<body>
<pre>
<h1>µVision Build Log</h1>
<h2>Tool Versions:</h2>
IDE-Version: µVision V5.29.0.0
Copyright (C) 2019 ARM Ltd and ARM Germany GmbH. All rights reserved.
License Information: Sergio Sergio, A, LIC=----
 
Tool Versions:
Toolchain:       MDK-Lite  Version: 5.29.0.0
Toolchain Path:  C:\Keil_v5\ARM\ARMCC\Bin
C Compiler:      Armcc.exe V5.06 update 6 (build 750)
Assembler:       Armasm.exe V5.06 update 6 (build 750)
Linker/Locator:  ArmLink.exe V5.06 update 6 (build 750)
Library Manager: ArmAr.exe V5.06 update 6 (build 750)
Hex Converter:   FromElf.exe V5.06 update 6 (build 750)
CPU DLL:         SARMCM3.DLL V5.29.0.0
Dialog DLL:      DARMP1.DLL V1.27.0.0
Target DLL:      UL2CM3.DLL V1.163.0.0
Dialog DLL:      TARMP1.DLL V1.26.0.0
 
<h2>Project:</h2>
C:\Users\Sergio\Desktop\Poli\Architetture\ProgettoElevator\Elevator_Versione_2\sample.uvproj
Project File Date:  01/20/2020

<h2>Output:</h2>
*** Using Compiler 'V5.06 update 6 (build 750)', folder: 'C:\Keil_v5\ARM\ARMCC\Bin'
Rebuild target 'Target 1'
assembling startup_LPC17xx.s...
compiling lib_led.c...
compiling core_cm3.c...
compiling funct_led.c...
compiling system_LPC17xx.c...
compiling lib_button.c...
compiling sample.c...
compiling IRQ_button.c...
compiling lib_timer.c...
compiling funct_joystick.c...
compiling IRQ_RIT.c...
compiling lib_RIT.c...
compiling IRQ_timer.c...
compiling lib_joystick.c...
compiling RequPan.c...
Panel\RequPan.c(66): warning:  #1-D: last line of file ends without a newline
                             End Of File                                *****/ 
Panel\RequPan.c: 1 warning, 0 errors
compiling AsciiLib.c...
compiling lib_dac.c...
compiling lib_EC.c...
compiling IRQ_adc.c...
compiling lib_adc.c...
compiling funct_ElevatorControl.c...
Elevator\funct_ElevatorControl.c(232): warning:  #940-D: missing return statement at end of non-void function "TimerNota" 
  	}
Elevator\funct_ElevatorControl.c: 1 warning, 0 errors
compiling HzLib.c...
compiling TouchPanel.c...
compiling GLCD.c...
linking...
Program Size: Code=24736 RO-data=2080 RW-data=476 ZI-data=684  
".\sample.axf" - 0 Error(s), 2 Warning(s).
Build Time Elapsed:  00:00:02
</pre>
</body>
</html>
