Component: ARM Compiler 5.06 update 6 (build 750) Tool: armlink [4d35ed]

==============================================================================

Section Cross References

    startup_lpc17xx.o(STACK) refers (Special) to heapauxi.o(.text) for __use_two_region_memory
    startup_lpc17xx.o(HEAP) refers (Special) to heapauxi.o(.text) for __use_two_region_memory
    startup_lpc17xx.o(RESET) refers (Special) to heapauxi.o(.text) for __use_two_region_memory
    startup_lpc17xx.o(RESET) refers to startup_lpc17xx.o(STACK) for __initial_sp
    startup_lpc17xx.o(RESET) refers to startup_lpc17xx.o(.text) for Reset_Handler
    startup_lpc17xx.o(RESET) refers to irq_timer.o(.text) for TIMER0_IRQHandler
    startup_lpc17xx.o(RESET) refers to irq_button.o(.text) for EINT0_IRQHandler
    startup_lpc17xx.o(RESET) refers to irq_adc.o(.text) for ADC_IRQHandler
    startup_lpc17xx.o(RESET) refers to irq_rit.o(.text) for RIT_IRQHandler
    startup_lpc17xx.o(.ARM.__at_0x02FC) refers (Special) to heapauxi.o(.text) for __use_two_region_memory
    startup_lpc17xx.o(.text) refers (Special) to heapauxi.o(.text) for __use_two_region_memory
    startup_lpc17xx.o(.text) refers to __main.o(!!!main) for __main
    startup_lpc17xx.o(.text) refers to startup_lpc17xx.o(HEAP) for Heap_Mem
    startup_lpc17xx.o(.text) refers to startup_lpc17xx.o(STACK) for Stack_Mem
    sample.o(.text) refers to system_lpc17xx.o(.text) for SystemInit
    sample.o(.text) refers to lib_led.o(.text) for LED_init
    sample.o(.text) refers to lib_joystick.o(.text) for joystick_init
    sample.o(.text) refers to lib_dac.o(.text) for DAC_init
    sample.o(.text) refers to lib_adc.o(.text) for ADC_init
    sample.o(.text) refers to glcd.o(.text) for LCD_Initialization
    sample.o(.text) refers to touchpanel.o(.text) for TP_Init
    sample.o(.text) refers to lib_ec.o(.text) for InitElevator
    sample.o(.text) refers to funct_led.o(.text) for LED_Out
    sample.o(.text) refers to requpan.o(.text) for InitPanel
    sample.o(.text) refers to lib_rit.o(.text) for init_RIT
    system_lpc17xx.o(.text) refers to system_lpc17xx.o(.data) for .data
    funct_led.o(.text) refers to funct_led.o(.constdata) for .constdata
    funct_led.o(.text) refers to lib_led.o(.data) for led_value
    lib_led.o(.text) refers to funct_led.o(.text) for LED_Off
    lib_led.o(.text) refers to lib_led.o(.data) for .data
    irq_button.o(.text) refers to funct_elevatorcontrol.o(.text) for SetInterruptButton
    irq_button.o(.text) refers to requpan.o(.text) for PressButton
    irq_button.o(.text) refers to irq_button.o(.data) for .data
    irq_timer.o(.text) refers to funct_led.o(.text) for LED_Off
    irq_timer.o(.text) refers to lib_timer.o(.text) for disable_timer
    irq_timer.o(.text) refers to lib_ec.o(.text) for DeActiveElevator
    irq_timer.o(.text) refers to touchpanel.o(.text) for Read_Ads7846
    irq_timer.o(.text) refers to funct_elevatorcontrol.o(.text) for ShowMenu
    irq_timer.o(.text) refers to dflt_clz.o(x$fpl$dfltu) for __aeabi_ui2d
    irq_timer.o(.text) refers to dmul.o(x$fpl$dmul) for __aeabi_dmul
    irq_timer.o(.text) refers to dfixu.o(x$fpl$dfixu) for __aeabi_d2uiz
    irq_timer.o(.text) refers to lib_dac.o(.text) for DAC_convert
    irq_timer.o(.text) refers to irq_timer.o(.data) for .data
    irq_timer.o(.text) refers to touchpanel.o(.data) for display
    irq_timer.o(.text) refers to touchpanel.o(.bss) for matrix
    irq_timer.o(.text) refers to funct_elevatorcontrol.o(.data) for Button
    irq_rit.o(.text) refers to funct_elevatorcontrol.o(.text) for MaintenanceMode
    irq_rit.o(.text) refers to glcd.o(.text) for GUI_Text
    irq_rit.o(.text) refers to requpan.o(.text) for PressButton
    irq_rit.o(.text) refers to funct_led.o(.text) for LED_Off
    irq_rit.o(.text) refers to lib_timer.o(.text) for enable_timer
    irq_rit.o(.text) refers to irq_rit.o(.data) for .data
    funct_joystick.o(.text) refers to funct_led.o(.text) for LED_Out
    requpan.o(.text) refers to funct_led.o(.text) for LED_Off
    requpan.o(.text) refers to funct_elevatorcontrol.o(.text) for StatusElevator
    requpan.o(.text) refers to lib_ec.o(.text) for ActiveElevator
    requpan.o(.text) refers to lib_button.o(.text) for BUTTON_init
    funct_elevatorcontrol.o(.text) refers to lib_timer.o(.text) for disable_timer
    funct_elevatorcontrol.o(.text) refers to funct_led.o(.text) for IsLedOn
    funct_elevatorcontrol.o(.text) refers to requpan.o(.text) for LedAlarmOn
    funct_elevatorcontrol.o(.text) refers to glcd.o(.text) for LCD_DrawLine
    funct_elevatorcontrol.o(.text) refers to strcpy.o(.text) for strcpy
    funct_elevatorcontrol.o(.text) refers to funct_elevatorcontrol.o(.data) for .data
    funct_elevatorcontrol.o(.text) refers to touchpanel.o(.text) for DelayUS
    funct_elevatorcontrol.o(.text) refers to lib_led.o(.text) for LED_init
    funct_elevatorcontrol.o(.text) refers to dflt_clz.o(x$fpl$dflt) for __aeabi_i2d
[...]
    libshutdown.o(.ARM.Collect$$libshutdown$$00000000) refers (Special) to libshutdown2.o(.ARM.Collect$$libshutdown$$00000002) for __rt_lib_shutdown_cpp_1
    libshutdown.o(.ARM.Collect$$libshutdown$$00000000) refers (Special) to libshutdown2.o(.ARM.Collect$$libshutdown$$00000007) for __rt_lib_shutdown_fp_trap_1
    libshutdown.o(.ARM.Collect$$libshutdown$$00000000) refers (Special) to libshutdown2.o(.ARM.Collect$$libshutdown$$0000000F) for __rt_lib_shutdown_heap_1
    libshutdown.o(.ARM.Collect$$libshutdown$$00000000) refers (Special) to libshutdown2.o(.ARM.Collect$$libshutdown$$00000010) for __rt_lib_shutdown_return
    libshutdown.o(.ARM.Collect$$libshutdown$$00000000) refers (Special) to libshutdown2.o(.ARM.Collect$$libshutdown$$0000000A) for __rt_lib_shutdown_signal_1
    libshutdown.o(.ARM.Collect$$libshutdown$$00000000) refers (Special) to libshutdown2.o(.ARM.Collect$$libshutdown$$00000004) for __rt_lib_shutdown_stdio_1
    libshutdown.o(.ARM.Collect$$libshutdown$$00000000) refers (Special) to libshutdown2.o(.ARM.Collect$$libshutdown$$0000000C) for __rt_lib_shutdown_user_alloc_1
    sys_command.o(.text) refers (Special) to use_no_semi.o(.text) for __I$use$semihosting
    sys_command.o(.text) refers (Special) to indicate_semi.o(.text) for __semihosting_library_function
    defsig_rtmem_outer.o(.text) refers to defsig_rtmem_inner.o(.text) for __rt_SIGRTMEM_inner
    defsig_rtmem_outer.o(.text) refers to defsig_exit.o(.text) for __sig_exit
    defsig_rtmem_formal.o(.text) refers to rt_raise.o(.text) for __rt_raise
    rt_raise.o(.text) refers to __raise.o(.text) for __raise
    rt_raise.o(.text) refers to sys_exit.o(.text) for _sys_exit
    defsig_exit.o(.text) refers to sys_exit.o(.text) for _sys_exit
    defsig_rtmem_inner.o(.text) refers to defsig_general.o(.text) for __default_signal_display
    __raise.o(.text) refers to defsig.o(CL$$defsig) for __default_signal_handler
    defsig_general.o(.text) refers to sys_wrch.o(.text) for _ttywrch
    sys_wrch.o(.text) refers (Special) to use_no_semi.o(.text) for __I$use$semihosting
    sys_wrch.o(.text) refers (Special) to indicate_semi.o(.text) for __semihosting_library_function
    defsig.o(CL$$defsig) refers to defsig_rtmem_inner.o(.text) for __rt_SIGRTMEM_inner
    defsig_abrt_inner.o(.text) refers to defsig_general.o(.text) for __default_signal_display
    defsig_fpe_inner.o(.text) refers to defsig_general.o(.text) for __default_signal_display
    defsig_rtred_inner.o(.text) refers to defsig_general.o(.text) for __default_signal_display
    defsig_stak_inner.o(.text) refers to defsig_general.o(.text) for __default_signal_display
    defsig_pvfn_inner.o(.text) refers to defsig_general.o(.text) for __default_signal_display
    defsig_cppl_inner.o(.text) refers to defsig_general.o(.text) for __default_signal_display
    defsig_segv_inner.o(.text) refers to defsig_general.o(.text) for __default_signal_display
    defsig_other.o(.text) refers to defsig_general.o(.text) for __default_signal_display


==============================================================================

Removing Unused input sections from the image.

    Removing sample.o(.rev16_text), (4 bytes).
    Removing sample.o(.revsh_text), (4 bytes).
    Removing core_cm3.o(.emb_text), (32 bytes).
    Removing system_lpc17xx.o(.rev16_text), (4 bytes).
    Removing system_lpc17xx.o(.revsh_text), (4 bytes).
    Removing funct_led.o(.rev16_text), (4 bytes).
    Removing funct_led.o(.revsh_text), (4 bytes).
    Removing lib_led.o(.rev16_text), (4 bytes).
    Removing lib_led.o(.revsh_text), (4 bytes).
    Removing lib_button.o(.rev16_text), (4 bytes).
    Removing lib_button.o(.revsh_text), (4 bytes).
    Removing irq_button.o(.rev16_text), (4 bytes).
    Removing irq_button.o(.revsh_text), (4 bytes).
    Removing lib_timer.o(.rev16_text), (4 bytes).
    Removing lib_timer.o(.revsh_text), (4 bytes).
    Removing irq_timer.o(.rev16_text), (4 bytes).
    Removing irq_timer.o(.revsh_text), (4 bytes).
    Removing irq_rit.o(.rev16_text), (4 bytes).
    Removing irq_rit.o(.revsh_text), (4 bytes).
    Removing lib_rit.o(.rev16_text), (4 bytes).
    Removing lib_rit.o(.revsh_text), (4 bytes).
    Removing funct_joystick.o(.rev16_text), (4 bytes).
    Removing funct_joystick.o(.revsh_text), (4 bytes).
    Removing funct_joystick.o(.text), (4 bytes).
    Removing lib_joystick.o(.rev16_text), (4 bytes).
    Removing lib_joystick.o(.revsh_text), (4 bytes).
    Removing requpan.o(.rev16_text), (4 bytes).
    Removing requpan.o(.revsh_text), (4 bytes).
    Removing funct_elevatorcontrol.o(.rev16_text), (4 bytes).
    Removing funct_elevatorcontrol.o(.revsh_text), (4 bytes).
    Removing lib_ec.o(.rev16_text), (4 bytes).
    Removing lib_ec.o(.revsh_text), (4 bytes).
    Removing irq_adc.o(.rev16_text), (4 bytes).
    Removing irq_adc.o(.revsh_text), (4 bytes).
    Removing lib_adc.o(.rev16_text), (4 bytes).
    Removing lib_adc.o(.revsh_text), (4 bytes).
    Removing lib_dac.o(.rev16_text), (4 bytes).
    Removing lib_dac.o(.revsh_text), (4 bytes).
    Removing glcd.o(.rev16_text), (4 bytes).
    Removing glcd.o(.revsh_text), (4 bytes).
    Removing hzlib.o(.text), (36 bytes).
    Removing hzlib.o(.constdata), (216576 bytes).
    Removing touchpanel.o(.rev16_text), (4 bytes).
    Removing touchpanel.o(.revsh_text), (4 bytes).

44 unused section(s) (total 216808 bytes) removed from the image.

==============================================================================

Image Symbol Table

    Local Symbols

    Symbol Name                              Value     Ov Type        Size  Object(Section)

    RESET                                    0x00000000   Section      204  startup_lpc17xx.o(RESET)
    ../clib/angel/boardlib.s                 0x00000000   Number         0  boardinit2.o ABSOLUTE
    ../clib/angel/boardlib.s                 0x00000000   Number         0  boardinit3.o ABSOLUTE
    ../clib/angel/boardlib.s                 0x00000000   Number         0  boardshut.o ABSOLUTE
    ../clib/angel/boardlib.s                 0x00000000   Number         0  boardinit1.o ABSOLUTE
    ../clib/angel/dczerorl2.s                0x00000000   Number         0  __dczerorl2.o ABSOLUTE
    ../clib/angel/handlers.s                 0x00000000   Number         0  __scatter_zi.o ABSOLUTE
    ../clib/angel/kernel.s                   0x00000000   Number         0  rtexit.o ABSOLUTE
    ../clib/angel/kernel.s                   0x00000000   Number         0  rtexit2.o ABSOLUTE
    ../clib/angel/kernel.s                   0x00000000   Number         0  __rtentry.o ABSOLUTE
    ../clib/angel/kernel.s                   0x00000000   Number         0  __rtentry2.o ABSOLUTE
    ../clib/angel/kernel.s                   0x00000000   Number         0  __rtentry4.o ABSOLUTE
    ../clib/angel/rt.s                       0x00000000   Number         0  rt_errno_addr.o ABSOLUTE
    ../clib/angel/rt.s                       0x00000000   Number         0  rt_errno_addr_intlibspace.o ABSOLUTE
    ../clib/angel/rt.s                       0x00000000   Number         0  rt_raise.o ABSOLUTE
    ../clib/angel/scatter.s                  0x00000000   Number         0  __scatter.o ABSOLUTE
    ../clib/angel/startup.s                  0x00000000   Number         0  __main.o ABSOLUTE
    ../clib/angel/sys.s                      0x00000000   Number         0  sys_stackheap_outer.o ABSOLUTE
    ../clib/angel/sys.s                      0x00000000   Number         0  libspace.o ABSOLUTE
    ../clib/angel/sys.s                      0x00000000   Number         0  use_no_semi.o ABSOLUTE
    ../clib/angel/sys.s                      0x00000000   Number         0  indicate_semi.o ABSOLUTE
    ../clib/angel/sysapp.c                   0x00000000   Number         0  sys_command.o ABSOLUTE
    ../clib/angel/sysapp.c                   0x00000000   Number         0  sys_exit.o ABSOLUTE
    ../clib/angel/sysapp.c                   0x00000000   Number         0  sys_wrch.o ABSOLUTE
    ../clib/armsys.c                         0x00000000   Number         0  no_argv.o ABSOLUTE
    ../clib/armsys.c                         0x00000000   Number         0  argv_veneer.o ABSOLUTE
    ../clib/armsys.c                         0x00000000   Number         0  _get_argv_nomalloc.o ABSOLUTE
    ../clib/armsys.c                         0x00000000   Number         0  argv_veneer.o ABSOLUTE
    ../clib/fenv.c                           0x00000000   Number         0  _rserrno.o ABSOLUTE
    ../clib/heapalloc.c                      0x00000000   Number         0  hrguard.o ABSOLUTE
    ../clib/heapaux.c                        0x00000000   Number         0  heapauxi.o ABSOLUTE
    ../clib/libinit.s                        0x00000000   Number         0  libshutdown.o ABSOLUTE
    ../clib/libinit.s                        0x00000000   Number         0  libinit2.o ABSOLUTE
    ../clib/libinit.s                        0x00000000   Number         0  libshutdown2.o ABSOLUTE
    ../clib/libinit.s                        0x00000000   Number         0  libinit.o ABSOLUTE
    ../clib/memcpset.s                       0x00000000   Number         0  rt_memclr_w.o ABSOLUTE
    ../clib/memcpset.s                       0x00000000   Number         0  rt_memcpy_v6.o ABSOLUTE
    ../clib/memcpset.s                       0x00000000   Number         0  rt_memcpy_w.o ABSOLUTE
    ../clib/signal.c                         0x00000000   Number         0  defsig_stak_inner.o ABSOLUTE
    ../clib/signal.c                         0x00000000   Number         0  defsig_rtred_inner.o ABSOLUTE
    ../clib/signal.c                         0x00000000   Number         0  defsig_fpe_inner.o ABSOLUTE
    ../clib/signal.c                         0x00000000   Number         0  defsig_abrt_inner.o ABSOLUTE
    ../clib/signal.c                         0x00000000   Number         0  defsig_pvfn_inner.o ABSOLUTE
    ../clib/signal.c                         0x00000000   Number         0  defsig_general.o ABSOLUTE
    ../clib/signal.c                         0x00000000   Number         0  defsig_rtmem_inner.o ABSOLUTE
    ../clib/signal.c                         0x00000000   Number         0  defsig_rtmem_formal.o ABSOLUTE
    ../clib/signal.c                         0x00000000   Number         0  defsig_other.o ABSOLUTE
    ../clib/signal.c                         0x00000000   Number         0  defsig_exit.o ABSOLUTE
    ../clib/signal.c                         0x00000000   Number         0  defsig_segv_inner.o ABSOLUTE
    ../clib/signal.c                         0x00000000   Number         0  defsig_cppl_inner.o ABSOLUTE
    ../clib/signal.c                         0x00000000   Number         0  defsig_rtmem_outer.o ABSOLUTE
    ../clib/signal.c                         0x00000000   Number         0  __raise.o ABSOLUTE
    ../clib/signal.s                         0x00000000   Number         0  defsig.o ABSOLUTE
    ../clib/stdlib.c                         0x00000000   Number         0  exit.o ABSOLUTE
    ../clib/string.c                         0x00000000   Number         0  strcpy.o ABSOLUTE
    ../fplib/daddsub.s                       0x00000000   Number         0  daddsub_clz.o ABSOLUTE
    ../fplib/dcheck1.s                       0x00000000   Number         0  dcheck1.o ABSOLUTE
    ../fplib/dcmpi.s                         0x00000000   Number         0  dcmpi.o ABSOLUTE
    ../fplib/ddiv.s                          0x00000000   Number         0  ddiv.o ABSOLUTE
    ../fplib/deqf.s                          0x00000000   Number         0  deqf.o ABSOLUTE
    ../fplib/dfix.s                          0x00000000   Number         0  dfix.o ABSOLUTE
    ../fplib/dfixu.s                         0x00000000   Number         0  dfixu.o ABSOLUTE
    ../fplib/dflt.s                          0x00000000   Number         0  dflt_clz.o ABSOLUTE
    ../fplib/dmul.s                          0x00000000   Number         0  dmul.o ABSOLUTE
    ../fplib/dnaninf.s                       0x00000000   Number         0  dnaninf.o ABSOLUTE
    ../fplib/dretinf.s                       0x00000000   Number         0  dretinf.o ABSOLUTE
    ../fplib/f2d.s                           0x00000000   Number         0  f2d.o ABSOLUTE
    ../fplib/fflt.s                          0x00000000   Number         0  fflt_clz.o ABSOLUTE
    ../fplib/fmul.s                          0x00000000   Number         0  fmul.o ABSOLUTE
    ../fplib/fnaninf.s                       0x00000000   Number         0  fnaninf.o ABSOLUTE
    ../fplib/fpinit.s                        0x00000000   Number         0  fpinit.o ABSOLUTE
    ../fplib/fretinf.s                       0x00000000   Number         0  fretinf.o ABSOLUTE
    ../fplib/retnan.s                        0x00000000   Number         0  retnan.o ABSOLUTE
    ../fplib/scalbn.s                        0x00000000   Number         0  scalbn.o ABSOLUTE
    ../fplib/trapv.s                         0x00000000   Number         0  trapv.o ABSOLUTE
    ../fplib/usenofp.s                       0x00000000   Number         0  usenofp.o ABSOLUTE
    ../mathlib/cos.c                         0x00000000   Number         0  cos_x.o ABSOLUTE
    ../mathlib/cos.c                         0x00000000   Number         0  cos.o ABSOLUTE
    ../mathlib/cos_i.c                       0x00000000   Number         0  cos_i.o ABSOLUTE
    ../mathlib/dunder.c                      0x00000000   Number         0  dunder.o ABSOLUTE
    ../mathlib/fpclassify.c                  0x00000000   Number         0  fpclassify.o ABSOLUTE
    ../mathlib/poly.c                        0x00000000   Number         0  poly.o ABSOLUTE
    ../mathlib/rred.c                        0x00000000   Number         0  rred.o ABSOLUTE
    ../mathlib/sin.c                         0x00000000   Number         0  sin.o ABSOLUTE
    ../mathlib/sin.c                         0x00000000   Number         0  sin_x.o ABSOLUTE
    ../mathlib/sin_i.c                       0x00000000   Number         0  sin_i_x.o ABSOLUTE
    ../mathlib/sin_i.c                       0x00000000   Number         0  sin_i.o ABSOLUTE
    Elevator\\funct_ElevatorControl.c        0x00000000   Number         0  funct_elevatorcontrol.o ABSOLUTE
    Elevator\\lib_EC.c                       0x00000000   Number         0  lib_ec.o ABSOLUTE
    Elevator\funct_ElevatorControl.c         0x00000000   Number         0  funct_elevatorcontrol.o ABSOLUTE
    Elevator\lib_EC.c                        0x00000000   Number         0  lib_ec.o ABSOLUTE
    GLCD\AsciiLib.c                          0x00000000   Number         0  asciilib.o ABSOLUTE
    GLCD\GLCD.c                              0x00000000   Number         0  glcd.o ABSOLUTE
    GLCD\HzLib.c                             0x00000000   Number         0  hzlib.o ABSOLUTE
    GLCD\\GLCD.c                             0x00000000   Number         0  glcd.o ABSOLUTE
    Panel\RequPan.c                          0x00000000   Number         0  requpan.o ABSOLUTE
    Panel\\RequPan.c                         0x00000000   Number         0  requpan.o ABSOLUTE
    RIT\IRQ_RIT.c                            0x00000000   Number         0  irq_rit.o ABSOLUTE
    RIT\\IRQ_RIT.c                           0x00000000   Number         0  irq_rit.o ABSOLUTE
    RIT\\lib_RIT.c                           0x00000000   Number         0  lib_rit.o ABSOLUTE
    RIT\lib_RIT.c                            0x00000000   Number         0  lib_rit.o ABSOLUTE
    TouchPanel\TouchPanel.c                  0x00000000   Number         0  touchpanel.o ABSOLUTE
    TouchPanel\\TouchPanel.c                 0x00000000   Number         0  touchpanel.o ABSOLUTE
    adc\IRQ_adc.c                            0x00000000   Number         0  irq_adc.o ABSOLUTE
    adc\\IRQ_adc.c                           0x00000000   Number         0  irq_adc.o ABSOLUTE
    adc\\lib_adc.c                           0x00000000   Number         0  lib_adc.o ABSOLUTE
    adc\lib_adc.c                            0x00000000   Number         0  lib_adc.o ABSOLUTE
    button_EXINT\IRQ_button.c                0x00000000   Number         0  irq_button.o ABSOLUTE
    button_EXINT\\IRQ_button.c               0x00000000   Number         0  irq_button.o ABSOLUTE
    button_EXINT\\lib_button.c               0x00000000   Number         0  lib_button.o ABSOLUTE
    button_EXINT\lib_button.c                0x00000000   Number         0  lib_button.o ABSOLUTE
    core_cm3.c                               0x00000000   Number         0  core_cm3.o ABSOLUTE
    core_cm3.c                               0x00000000   Number         0  core_cm3.o ABSOLUTE
    dac\\lib_dac.c                           0x00000000   Number         0  lib_dac.o ABSOLUTE
    dac\lib_dac.c                            0x00000000   Number         0  lib_dac.o ABSOLUTE
    dc.s                                     0x00000000   Number         0  dc.o ABSOLUTE
    joystick\\funct_joystick.c               0x00000000   Number         0  funct_joystick.o ABSOLUTE
    joystick\\lib_joystick.c                 0x00000000   Number         0  lib_joystick.o ABSOLUTE
    joystick\funct_joystick.c                0x00000000   Number         0  funct_joystick.o ABSOLUTE
    joystick\lib_joystick.c                  0x00000000   Number         0  lib_joystick.o ABSOLUTE
    led\\funct_led.c                         0x00000000   Number         0  funct_led.o ABSOLUTE
    led\\lib_led.c                           0x00000000   Number         0  lib_led.o ABSOLUTE
    led\funct_led.c                          0x00000000   Number         0  funct_led.o ABSOLUTE
    led\lib_led.c                            0x00000000   Number         0  lib_led.o ABSOLUTE
    sample.c                                 0x00000000   Number         0  sample.o ABSOLUTE
    sample.c                                 0x00000000   Number         0  sample.o ABSOLUTE
    startup_LPC17xx.s                        0x00000000   Number         0  startup_lpc17xx.o ABSOLUTE
    system_LPC17xx.c                         0x00000000   Number         0  system_lpc17xx.o ABSOLUTE
    system_LPC17xx.c                         0x00000000   Number         0  system_lpc17xx.o ABSOLUTE
    timer\IRQ_timer.c                        0x00000000   Number         0  irq_timer.o ABSOLUTE
    timer\\IRQ_timer.c                       0x00000000   Number         0  irq_timer.o ABSOLUTE
    timer\\lib_timer.c                       0x00000000   Number         0  lib_timer.o ABSOLUTE
    timer\lib_timer.c                        0x00000000   Number         0  lib_timer.o ABSOLUTE
    !!!main                                  0x000000cc   Section        8  __main.o(!!!main)
    !!!scatter                               0x000000d4   Section       52  __scatter.o(!!!scatter)
    !!dczerorl2                              0x00000108   Section       90  __dczerorl2.o(!!dczerorl2)
    !!handler_zi                             0x00000164   Section       28  __scatter_zi.o(!!handler_zi)
    .ARM.Collect$$libinit$$00000000          0x00000180   Section        2  libinit.o(.ARM.Collect$$libinit$$00000000)
    .ARM.Collect$$libinit$$00000002          0x00000182   Section        0  libinit2.o(.ARM.Collect$$libinit$$00000002)
    .ARM.Collect$$libinit$$00000004          0x00000182   Section        0  libinit2.o(.ARM.Collect$$libinit$$00000004)
    .ARM.Collect$$libinit$$0000000A          0x00000182   Section        0  libinit2.o(.ARM.Collect$$libinit$$0000000A)
    .ARM.Collect$$libinit$$0000000C          0x00000182   Section        0  libinit2.o(.ARM.Collect$$libinit$$0000000C)
    .ARM.Collect$$libinit$$0000000E          0x00000182   Section        0  libinit2.o(.ARM.Collect$$libinit$$0000000E)
    .ARM.Collect$$libinit$$00000011          0x00000182   Section        0  libinit2.o(.ARM.Collect$$libinit$$00000011)
    .ARM.Collect$$libinit$$00000013          0x00000182   Section        0  libinit2.o(.ARM.Collect$$libinit$$00000013)
    .ARM.Collect$$libinit$$00000015          0x00000182   Section        0  libinit2.o(.ARM.Collect$$libinit$$00000015)
    .ARM.Collect$$libinit$$00000017          0x00000182   Section        0  libinit2.o(.ARM.Collect$$libinit$$00000017)
    .ARM.Collect$$libinit$$00000019          0x00000182   Section        0  libinit2.o(.ARM.Collect$$libinit$$00000019)
    .ARM.Collect$$libinit$$0000001B          0x00000182   Section        0  libinit2.o(.ARM.Collect$$libinit$$0000001B)
    .ARM.Collect$$libinit$$0000001D          0x00000182   Section        0  libinit2.o(.ARM.Collect$$libinit$$0000001D)
    .ARM.Collect$$libinit$$0000001F          0x00000182   Section        0  libinit2.o(.ARM.Collect$$libinit$$0000001F)
    .ARM.Collect$$libinit$$00000021          0x00000182   Section        0  libinit2.o(.ARM.Collect$$libinit$$00000021)
    .ARM.Collect$$libinit$$00000023          0x00000182   Section        0  libinit2.o(.ARM.Collect$$libinit$$00000023)
    .ARM.Collect$$libinit$$00000025          0x00000182   Section        0  libinit2.o(.ARM.Collect$$libinit$$00000025)
    .ARM.Collect$$libinit$$0000002C          0x00000182   Section        0  libinit2.o(.ARM.Collect$$libinit$$0000002C)
    .ARM.Collect$$libinit$$0000002E          0x00000182   Section        0  libinit2.o(.ARM.Collect$$libinit$$0000002E)
    .ARM.Collect$$libinit$$00000030          0x00000182   Section        0  libinit2.o(.ARM.Collect$$libinit$$00000030)
    .ARM.Collect$$libinit$$00000032          0x00000182   Section        0  libinit2.o(.ARM.Collect$$libinit$$00000032)
    .ARM.Collect$$libinit$$00000033          0x00000182   Section        2  libinit2.o(.ARM.Collect$$libinit$$00000033)
    .ARM.Collect$$libshutdown$$00000000      0x00000184   Section        2  libshutdown.o(.ARM.Collect$$libshutdown$$00000000)
    .ARM.Collect$$libshutdown$$00000002      0x00000186   Section        0  libshutdown2.o(.ARM.Collect$$libshutdown$$00000002)
    .ARM.Collect$$libshutdown$$00000004      0x00000186   Section        0  libshutdown2.o(.ARM.Collect$$libshutdown$$00000004)
    .ARM.Collect$$libshutdown$$00000007      0x00000186   Section        0  libshutdown2.o(.ARM.Collect$$libshutdown$$00000007)
    .ARM.Collect$$libshutdown$$0000000A      0x00000186   Section        0  libshutdown2.o(.ARM.Collect$$libshutdown$$0000000A)
    .ARM.Collect$$libshutdown$$0000000C      0x00000186   Section        0  libshutdown2.o(.ARM.Collect$$libshutdown$$0000000C)
    .ARM.Collect$$libshutdown$$0000000F      0x00000186   Section        0  libshutdown2.o(.ARM.Collect$$libshutdown$$0000000F)
    .ARM.Collect$$libshutdown$$00000010      0x00000186   Section        2  libshutdown2.o(.ARM.Collect$$libshutdown$$00000010)
    .ARM.Collect$$rtentry$$00000000          0x00000188   Section        0  __rtentry.o(.ARM.Collect$$rtentry$$00000000)
    .ARM.Collect$$rtentry$$00000002          0x00000188   Section        0  __rtentry2.o(.ARM.Collect$$rtentry$$00000002)
    .ARM.Collect$$rtentry$$00000004          0x00000188   Section        6  __rtentry4.o(.ARM.Collect$$rtentry$$00000004)
    .ARM.Collect$$rtentry$$00000009          0x0000018e   Section        0  __rtentry2.o(.ARM.Collect$$rtentry$$00000009)
    .ARM.Collect$$rtentry$$0000000A          0x0000018e   Section        4  __rtentry2.o(.ARM.Collect$$rtentry$$0000000A)
    .ARM.Collect$$rtentry$$0000000C          0x00000192   Section        0  __rtentry2.o(.ARM.Collect$$rtentry$$0000000C)
    .ARM.Collect$$rtentry$$0000000D          0x00000192   Section        8  __rtentry2.o(.ARM.Collect$$rtentry$$0000000D)
    .ARM.Collect$$rtexit$$00000000           0x0000019a   Section        2  rtexit.o(.ARM.Collect$$rtexit$$00000000)
    .ARM.Collect$$rtexit$$00000002           0x0000019c   Section        0  rtexit2.o(.ARM.Collect$$rtexit$$00000002)
    .ARM.Collect$$rtexit$$00000003           0x0000019c   Section        4  rtexit2.o(.ARM.Collect$$rtexit$$00000003)
    .ARM.Collect$$rtexit$$00000004           0x000001a0   Section        6  rtexit2.o(.ARM.Collect$$rtexit$$00000004)
    .text                                    0x000001a8   Section       52  startup_lpc17xx.o(.text)
    .text                                    0x000001dc   Section        0  sample.o(.text)
    .text                                    0x00000234   Section        0  funct_led.o(.text)
    .text                                    0x000002ac   Section        0  lib_led.o(.text)
    .text                                    0x000002f8   Section        2  use_no_semi.o(.text)
    .text                                    0x000002fa   Section        0  indicate_semi.o(.text)
    x$fpl$usenofp                            0x000002fa   Section        0  usenofp.o(x$fpl$usenofp)
    .ARM.__at_0x02FC                         0x000002fc   Section        4  startup_lpc17xx.o(.ARM.__at_0x02FC)
    .text                                    0x00000300   Section        0  system_lpc17xx.o(.text)
    .text                                    0x00000488   Section        0  lib_button.o(.text)
    NVIC_EnableIRQ                           0x000004f3   Thumb Code    22  lib_button.o(.text)
    NVIC_SetPriority                         0x00000509   Thumb Code    32  lib_button.o(.text)
    .text                                    0x00000534   Section        0  irq_button.o(.text)
    NVIC_DisableIRQ                          0x000005bd   Thumb Code    22  irq_button.o(.text)
    .text                                    0x000005e0   Section        0  lib_timer.o(.text)
    NVIC_EnableIRQ                           0x000006cd   Thumb Code    22  lib_timer.o(.text)
    .text                                    0x000006f0   Section        0  irq_timer.o(.text)
    .text                                    0x000009cc   Section        0  irq_rit.o(.text)
    .text                                    0x00000cdc   Section        0  lib_rit.o(.text)
    .text                                    0x00000d40   Section        0  lib_joystick.o(.text)
    .text                                    0x00000d80   Section        0  requpan.o(.text)
    .text                                    0x00000e58   Section        0  funct_elevatorcontrol.o(.text)
    NVIC_EnableIRQ                           0x00001a6b   Thumb Code    22  funct_elevatorcontrol.o(.text)
    .text                                    0x00001ad8   Section        0  lib_ec.o(.text)
    NVIC_EnableIRQ                           0x00001be9   Thumb Code    22  lib_ec.o(.text)
    .text                                    0x00001c5c   Section        0  irq_adc.o(.text)
    .text                                    0x00001ccc   Section        0  lib_adc.o(.text)
    .text                                    0x00001d14   Section        0  lib_dac.o(.text)
    .text                                    0x00001d44   Section        0  asciilib.o(.text)
    .text                                    0x00001d58   Section        0  glcd.o(.text)
    LCD_Configuration                        0x00001d59   Thumb Code    18  glcd.o(.text)
    wait_delay                               0x00001d6b   Thumb Code     8  glcd.o(.text)
    LCD_SetCursor                            0x00001d73   Thumb Code  1082  glcd.o(.text)
    delay_ms                                 0x000021ad   Thumb Code    28  glcd.o(.text)
    LCD_BGR2RGB                              0x00003fb3   Thumb Code    18  glcd.o(.text)
    .text                                    0x0000447c   Section        0  touchpanel.o(.text)
    ADS7843_SPI_Init                         0x0000448d   Thumb Code    86  touchpanel.o(.text)
    WR_CMD                                   0x0000450b   Thumb Code    28  touchpanel.o(.text)
    RD_AD                                    0x00004527   Thumb Code    38  touchpanel.o(.text)
    .text                                    0x00004b08   Section        0  strcpy.o(.text)
    .text                                    0x00004b50   Section      138  rt_memcpy_v6.o(.text)
    .text                                    0x00004bda   Section       78  rt_memclr_w.o(.text)
    .text                                    0x00004c28   Section        0  heapauxi.o(.text)
    .text                                    0x00004c2e   Section        0  _rserrno.o(.text)
    .text                                    0x00004c44   Section      100  rt_memcpy_w.o(.text)
    .text                                    0x00004ca8   Section        8  rt_errno_addr_intlibspace.o(.text)
    .text                                    0x00004cb0   Section        8  libspace.o(.text)
    .text                                    0x00004cb8   Section       74  sys_stackheap_outer.o(.text)
    .text                                    0x00004d02   Section        0  exit.o(.text)
    .text                                    0x00004d14   Section        0  sys_exit.o(.text)
    i.__ARM_fpclassify                       0x00004d20   Section        0  fpclassify.o(i.__ARM_fpclassify)
    i.__ieee754_rem_pio2                     0x00004d48   Section        0  rred.o(i.__ieee754_rem_pio2)
    i.__kernel_cos                           0x000050d0   Section        0  cos_i.o(i.__kernel_cos)
    i.__kernel_poly                          0x000051cc   Section        0  poly.o(i.__kernel_poly)
    i.__kernel_sin                           0x00005278   Section        0  sin_i.o(i.__kernel_sin)
    i.__mathlib_dbl_infnan                   0x00005364   Section        0  dunder.o(i.__mathlib_dbl_infnan)
    i.__mathlib_dbl_invalid                  0x0000536a   Section        0  dunder.o(i.__mathlib_dbl_invalid)
    i.__mathlib_dbl_underflow                0x00005378   Section        0  dunder.o(i.__mathlib_dbl_underflow)
    i.cos                                    0x00005388   Section        0  cos.o(i.cos)
    i.sin                                    0x00005424   Section        0  sin.o(i.sin)
    x$fpl$dadd                               0x000054c4   Section      336  daddsub_clz.o(x$fpl$dadd)
    _dadd1                                   0x000054d5   Thumb Code     0  daddsub_clz.o(x$fpl$dadd)
    x$fpl$dcheck1                            0x00005614   Section       16  dcheck1.o(x$fpl$dcheck1)
    x$fpl$dcmpinf                            0x00005624   Section       24  dcmpi.o(x$fpl$dcmpinf)
    x$fpl$ddiv                               0x0000563c   Section      688  ddiv.o(x$fpl$ddiv)
    ddiv_entry                               0x00005643   Thumb Code     0  ddiv.o(x$fpl$ddiv)
    x$fpl$deqf                               0x000058ec   Section      120  deqf.o(x$fpl$deqf)
    x$fpl$dfix                               0x00005964   Section       94  dfix.o(x$fpl$dfix)
    x$fpl$dfixu                              0x000059c4   Section       90  dfixu.o(x$fpl$dfixu)
    x$fpl$dflt                               0x00005a1e   Section       46  dflt_clz.o(x$fpl$dflt)
    x$fpl$dfltu                              0x00005a4c   Section       38  dflt_clz.o(x$fpl$dfltu)
    x$fpl$dmul                               0x00005a74   Section      340  dmul.o(x$fpl$dmul)
    x$fpl$dnaninf                            0x00005bc8   Section      156  dnaninf.o(x$fpl$dnaninf)
    x$fpl$dretinf                            0x00005c64   Section       12  dretinf.o(x$fpl$dretinf)
    x$fpl$drsb                               0x00005c70   Section       22  daddsub_clz.o(x$fpl$drsb)
    x$fpl$dsub                               0x00005c88   Section      468  daddsub_clz.o(x$fpl$dsub)
    _dsub1                                   0x00005c99   Thumb Code     0  daddsub_clz.o(x$fpl$dsub)
    x$fpl$f2d                                0x00005e5c   Section       86  f2d.o(x$fpl$f2d)
    x$fpl$fflt                               0x00005eb4   Section       48  fflt_clz.o(x$fpl$fflt)
    x$fpl$fmul                               0x00005ee4   Section      258  fmul.o(x$fpl$fmul)
    x$fpl$fnaninf                            0x00005fe6   Section      140  fnaninf.o(x$fpl$fnaninf)
    x$fpl$fretinf                            0x00006072   Section       10  fretinf.o(x$fpl$fretinf)
    x$fpl$retnan                             0x0000607c   Section      100  retnan.o(x$fpl$retnan)
    x$fpl$scalbn                             0x000060e0   Section       92  scalbn.o(x$fpl$scalbn)
    x$fpl$trapveneer                         0x0000613c   Section       48  trapv.o(x$fpl$trapveneer)
    .constdata                               0x0000616c   Section       32  funct_led.o(.constdata)
    .constdata                               0x0000618c   Section     1520  asciilib.o(.constdata)
    AsciiLib                                 0x0000618c   Data        1520  asciilib.o(.constdata)
    .constdata                               0x00006780   Section       48  cos_i.o(.constdata)
    C                                        0x00006780   Data          48  cos_i.o(.constdata)
    .constdata                               0x000067b0   Section      200  rred.o(.constdata)
    pio2s                                    0x000067b0   Data          48  rred.o(.constdata)
    twooverpi                                0x000067e0   Data         152  rred.o(.constdata)
    .constdata                               0x00006878   Section       40  sin_i.o(.constdata)
    S                                        0x00006878   Data          40  sin_i.o(.constdata)
    .data                                    0x10000000   Section        4  system_lpc17xx.o(.data)
    .data                                    0x10000004   Section        9  lib_led.o(.data)
    .data                                    0x10000010   Section        4  irq_button.o(.data)
    .data                                    0x10000014   Section      106  irq_timer.o(.data)
    i                                        0x10000018   Data           4  irq_timer.o(.data)
    ticks                                    0x1000001c   Data           4  irq_timer.o(.data)
    i                                        0x10000020   Data           4  irq_timer.o(.data)
    .data                                    0x10000080   Section       32  irq_rit.o(.data)
    Blinking2hz                              0x10000080   Data           4  irq_rit.o(.data)
    Blinking4hz                              0x10000084   Data           4  irq_rit.o(.data)
    TimeAlarm                                0x10000088   Data           4  irq_rit.o(.data)
    TimeReserved                             0x1000008c   Data           4  irq_rit.o(.data)
    TimeButton                               0x10000090   Data           4  irq_rit.o(.data)
    Alarm                                    0x10000094   Data           4  irq_rit.o(.data)
    TimerAttivoOne                           0x10000098   Data           4  irq_rit.o(.data)
    k                                        0x1000009c   Data           4  irq_rit.o(.data)
    .data                                    0x100000a0   Section      284  funct_elevatorcontrol.o(.data)
    .data                                    0x100001bc   Section        8  irq_adc.o(.data)
    j                                        0x100001c0   Data           4  irq_adc.o(.data)
    .data                                    0x100001c4   Section        1  glcd.o(.data)
    LCD_Code                                 0x100001c4   Data           1  glcd.o(.data)
    .data                                    0x100001c6   Section       16  touchpanel.o(.data)
    screen                                   0x100001c6   Data           4  touchpanel.o(.data)
    .data                                    0x100001d6   Section        4  touchpanel.o(.data)
    .bss                                     0x100001e0   Section       68  touchpanel.o(.bss)
    .bss                                     0x10000224   Section       96  libspace.o(.bss)
    HEAP                                     0x10000288   Section        0  startup_lpc17xx.o(HEAP)
    STACK                                    0x10000288   Section      512  startup_lpc17xx.o(STACK)
    Heap_Mem                                 0x10000288   Data           0  startup_lpc17xx.o(HEAP)
    Stack_Mem                                0x10000288   Data         512  startup_lpc17xx.o(STACK)
    __initial_sp                             0x10000488   Data           0  startup_lpc17xx.o(STACK)

    Global Symbols

    Symbol Name                              Value     Ov Type        Size  Object(Section)

    BuildAttributes$$THM_ISAv4$P$D$K$B$S$PE$A:L22UL41UL21$X:L11$S22US41US21$IEEE1$IW$USESV6$~STKCKD$USESV7$~SHL$OTIME$ROPI$IEEEX$EBA8$UX$STANDARDLIB$REQ8$PRES8$EABIv2 0x00000000   Number         0  anon$$obj.o ABSOLUTE
    __ARM_use_no_argv                        0x00000000   Number         0  sample.o ABSOLUTE
    __Vectors                                0x00000000   Data           4  startup_lpc17xx.o(RESET)
    __ARM_exceptions_init                     - Undefined Weak Reference
    __alloca_initialize                       - Undefined Weak Reference
    __arm_preinit_                            - Undefined Weak Reference
    __cpp_initialize__aeabi_                  - Undefined Weak Reference
    __cxa_finalize                            - Undefined Weak Reference
    __rt_locale                               - Undefined Weak Reference
    __sigvec_lookup                           - Undefined Weak Reference
    _atexit_init                              - Undefined Weak Reference
    _call_atexit_fns                          - Undefined Weak Reference
    _clock_init                               - Undefined Weak Reference
    _fp_trap_init                             - Undefined Weak Reference
    _fp_trap_shutdown                         - Undefined Weak Reference
    _get_lc_collate                           - Undefined Weak Reference
    _get_lc_ctype                             - Undefined Weak Reference
    _get_lc_monetary                          - Undefined Weak Reference
    _get_lc_numeric                           - Undefined Weak Reference
    _get_lc_time                              - Undefined Weak Reference
    _getenv_init                              - Undefined Weak Reference
    _handle_redirection                       - Undefined Weak Reference
    _init_alloc                               - Undefined Weak Reference
    _init_user_alloc                          - Undefined Weak Reference
    _initio                                   - Undefined Weak Reference
    _rand_init                                - Undefined Weak Reference
    _signal_finish                            - Undefined Weak Reference
    _signal_init                              - Undefined Weak Reference
    _terminate_alloc                          - Undefined Weak Reference
    _terminate_user_alloc                     - Undefined Weak Reference
    _terminateio                              - Undefined Weak Reference
    __main                                   0x000000cd   Thumb Code     8  __main.o(!!!main)
    __scatterload                            0x000000d5   Thumb Code     0  __scatter.o(!!!scatter)
    __scatterload_rt2                        0x000000d5   Thumb Code    44  __scatter.o(!!!scatter)
    __scatterload_rt2_thumb_only             0x000000d5   Thumb Code     0  __scatter.o(!!!scatter)
    __scatterload_null                       0x000000e3   Thumb Code     0  __scatter.o(!!!scatter)
    __decompress                             0x00000109   Thumb Code    90  __dczerorl2.o(!!dczerorl2)
    __decompress1                            0x00000109   Thumb Code     0  __dczerorl2.o(!!dczerorl2)
    __scatterload_zeroinit                   0x00000165   Thumb Code    28  __scatter_zi.o(!!handler_zi)
    __rt_lib_init                            0x00000181   Thumb Code     0  libinit.o(.ARM.Collect$$libinit$$00000000)
    __rt_lib_init_alloca_1                   0x00000183   Thumb Code     0  libinit2.o(.ARM.Collect$$libinit$$0000002E)
    __rt_lib_init_argv_1                     0x00000183   Thumb Code     0  libinit2.o(.ARM.Collect$$libinit$$0000002C)
    __rt_lib_init_atexit_1                   0x00000183   Thumb Code     0  libinit2.o(.ARM.Collect$$libinit$$0000001B)
    __rt_lib_init_clock_1                    0x00000183   Thumb Code     0  libinit2.o(.ARM.Collect$$libinit$$00000021)
    __rt_lib_init_cpp_1                      0x00000183   Thumb Code     0  libinit2.o(.ARM.Collect$$libinit$$00000032)
    __rt_lib_init_exceptions_1               0x00000183   Thumb Code     0  libinit2.o(.ARM.Collect$$libinit$$00000030)
    __rt_lib_init_fp_1                       0x00000183   Thumb Code     0  libinit2.o(.ARM.Collect$$libinit$$00000002)
    __rt_lib_init_fp_trap_1                  0x00000183   Thumb Code     0  libinit2.o(.ARM.Collect$$libinit$$0000001F)
    __rt_lib_init_getenv_1                   0x00000183   Thumb Code     0  libinit2.o(.ARM.Collect$$libinit$$00000023)
    __rt_lib_init_heap_1                     0x00000183   Thumb Code     0  libinit2.o(.ARM.Collect$$libinit$$0000000A)
    __rt_lib_init_lc_collate_1               0x00000183   Thumb Code     0  libinit2.o(.ARM.Collect$$libinit$$00000011)
    __rt_lib_init_lc_ctype_1                 0x00000183   Thumb Code     0  libinit2.o(.ARM.Collect$$libinit$$00000013)
    __rt_lib_init_lc_monetary_1              0x00000183   Thumb Code     0  libinit2.o(.ARM.Collect$$libinit$$00000015)
    __rt_lib_init_lc_numeric_1               0x00000183   Thumb Code     0  libinit2.o(.ARM.Collect$$libinit$$00000017)
    __rt_lib_init_lc_time_1                  0x00000183   Thumb Code     0  libinit2.o(.ARM.Collect$$libinit$$00000019)
    __rt_lib_init_preinit_1                  0x00000183   Thumb Code     0  libinit2.o(.ARM.Collect$$libinit$$00000004)
    __rt_lib_init_rand_1                     0x00000183   Thumb Code     0  libinit2.o(.ARM.Collect$$libinit$$0000000E)
    __rt_lib_init_return                     0x00000183   Thumb Code     0  libinit2.o(.ARM.Collect$$libinit$$00000033)
    __rt_lib_init_signal_1                   0x00000183   Thumb Code     0  libinit2.o(.ARM.Collect$$libinit$$0000001D)
    __rt_lib_init_stdio_1                    0x00000183   Thumb Code     0  libinit2.o(.ARM.Collect$$libinit$$00000025)
    __rt_lib_init_user_alloc_1               0x00000183   Thumb Code     0  libinit2.o(.ARM.Collect$$libinit$$0000000C)
    __rt_lib_shutdown                        0x00000185   Thumb Code     0  libshutdown.o(.ARM.Collect$$libshutdown$$00000000)
    __rt_lib_shutdown_cpp_1                  0x00000187   Thumb Code     0  libshutdown2.o(.ARM.Collect$$libshutdown$$00000002)
    __rt_lib_shutdown_fp_trap_1              0x00000187   Thumb Code     0  libshutdown2.o(.ARM.Collect$$libshutdown$$00000007)
    __rt_lib_shutdown_heap_1                 0x00000187   Thumb Code     0  libshutdown2.o(.ARM.Collect$$libshutdown$$0000000F)
    __rt_lib_shutdown_return                 0x00000187   Thumb Code     0  libshutdown2.o(.ARM.Collect$$libshutdown$$00000010)
    __rt_lib_shutdown_signal_1               0x00000187   Thumb Code     0  libshutdown2.o(.ARM.Collect$$libshutdown$$0000000A)
    __rt_lib_shutdown_stdio_1                0x00000187   Thumb Code     0  libshutdown2.o(.ARM.Collect$$libshutdown$$00000004)
    __rt_lib_shutdown_user_alloc_1           0x00000187   Thumb Code     0  libshutdown2.o(.ARM.Collect$$libshutdown$$0000000C)
    __rt_entry                               0x00000189   Thumb Code     0  __rtentry.o(.ARM.Collect$$rtentry$$00000000)
    __rt_entry_presh_1                       0x00000189   Thumb Code     0  __rtentry2.o(.ARM.Collect$$rtentry$$00000002)
    __rt_entry_sh                            0x00000189   Thumb Code     0  __rtentry4.o(.ARM.Collect$$rtentry$$00000004)
    __rt_entry_li                            0x0000018f   Thumb Code     0  __rtentry2.o(.ARM.Collect$$rtentry$$0000000A)
    __rt_entry_postsh_1                      0x0000018f   Thumb Code     0  __rtentry2.o(.ARM.Collect$$rtentry$$00000009)
    __rt_entry_main                          0x00000193   Thumb Code     0  __rtentry2.o(.ARM.Collect$$rtentry$$0000000D)
    __rt_entry_postli_1                      0x00000193   Thumb Code     0  __rtentry2.o(.ARM.Collect$$rtentry$$0000000C)
    __rt_exit                                0x0000019b   Thumb Code     0  rtexit.o(.ARM.Collect$$rtexit$$00000000)
    __rt_exit_ls                             0x0000019d   Thumb Code     0  rtexit2.o(.ARM.Collect$$rtexit$$00000003)
    __rt_exit_prels_1                        0x0000019d   Thumb Code     0  rtexit2.o(.ARM.Collect$$rtexit$$00000002)
    __rt_exit_exit                           0x000001a1   Thumb Code     0  rtexit2.o(.ARM.Collect$$rtexit$$00000004)
    Reset_Handler                            0x000001a9   Thumb Code     4  startup_lpc17xx.o(.text)
    NMI_Handler                              0x000001ad   Thumb Code     2  startup_lpc17xx.o(.text)
    HardFault_Handler                        0x000001af   Thumb Code     2  startup_lpc17xx.o(.text)
    MemManage_Handler                        0x000001b1   Thumb Code     2  startup_lpc17xx.o(.text)
    BusFault_Handler                         0x000001b3   Thumb Code     2  startup_lpc17xx.o(.text)
    UsageFault_Handler                       0x000001b5   Thumb Code     2  startup_lpc17xx.o(.text)
    SVC_Handler                              0x000001b7   Thumb Code     2  startup_lpc17xx.o(.text)
    DebugMon_Handler                         0x000001b9   Thumb Code     2  startup_lpc17xx.o(.text)
    PendSV_Handler                           0x000001bb   Thumb Code     2  startup_lpc17xx.o(.text)
    SysTick_Handler                          0x000001bd   Thumb Code     2  startup_lpc17xx.o(.text)
    BOD_IRQHandler                           0x000001bf   Thumb Code     0  startup_lpc17xx.o(.text)
    CANActivity_IRQHandler                   0x000001bf   Thumb Code     0  startup_lpc17xx.o(.text)
    CAN_IRQHandler                           0x000001bf   Thumb Code     0  startup_lpc17xx.o(.text)
    DMA_IRQHandler                           0x000001bf   Thumb Code     0  startup_lpc17xx.o(.text)
    EINT3_IRQHandler                         0x000001bf   Thumb Code     0  startup_lpc17xx.o(.text)
    ENET_IRQHandler                          0x000001bf   Thumb Code     0  startup_lpc17xx.o(.text)
    I2C0_IRQHandler                          0x000001bf   Thumb Code     0  startup_lpc17xx.o(.text)
    I2C1_IRQHandler                          0x000001bf   Thumb Code     0  startup_lpc17xx.o(.text)
    I2C2_IRQHandler                          0x000001bf   Thumb Code     0  startup_lpc17xx.o(.text)
    I2S_IRQHandler                           0x000001bf   Thumb Code     0  startup_lpc17xx.o(.text)
    MCPWM_IRQHandler                         0x000001bf   Thumb Code     0  startup_lpc17xx.o(.text)
    PLL0_IRQHandler                          0x000001bf   Thumb Code     0  startup_lpc17xx.o(.text)
    PLL1_IRQHandler                          0x000001bf   Thumb Code     0  startup_lpc17xx.o(.text)
    PWM1_IRQHandler                          0x000001bf   Thumb Code     0  startup_lpc17xx.o(.text)
    QEI_IRQHandler                           0x000001bf   Thumb Code     0  startup_lpc17xx.o(.text)
    RTC_IRQHandler                           0x000001bf   Thumb Code     0  startup_lpc17xx.o(.text)
    SPI_IRQHandler                           0x000001bf   Thumb Code     0  startup_lpc17xx.o(.text)
    SSP0_IRQHandler                          0x000001bf   Thumb Code     0  startup_lpc17xx.o(.text)
    SSP1_IRQHandler                          0x000001bf   Thumb Code     0  startup_lpc17xx.o(.text)
    UART0_IRQHandler                         0x000001bf   Thumb Code     0  startup_lpc17xx.o(.text)
    UART1_IRQHandler                         0x000001bf   Thumb Code     0  startup_lpc17xx.o(.text)
    UART2_IRQHandler                         0x000001bf   Thumb Code     0  startup_lpc17xx.o(.text)
    UART3_IRQHandler                         0x000001bf   Thumb Code     0  startup_lpc17xx.o(.text)
    USBActivity_IRQHandler                   0x000001bf   Thumb Code     0  startup_lpc17xx.o(.text)
    USB_IRQHandler                           0x000001bf   Thumb Code     0  startup_lpc17xx.o(.text)
    WDT_IRQHandler                           0x000001bf   Thumb Code     0  startup_lpc17xx.o(.text)
    __user_initial_stackheap                 0x000001c1   Thumb Code     0  startup_lpc17xx.o(.text)
    main                                     0x000001dd   Thumb Code    78  sample.o(.text)
    LED_On                                   0x00000235   Thumb Code    28  funct_led.o(.text)
    LED_Off                                  0x00000251   Thumb Code    28  funct_led.o(.text)
    IsLedOn                                  0x0000026d   Thumb Code     6  funct_led.o(.text)
    LED_Out                                  0x00000273   Thumb Code    42  funct_led.o(.text)
    LED_init                                 0x000002ad   Thumb Code    52  lib_led.o(.text)
    LED_deinit                               0x000002e1   Thumb Code    12  lib_led.o(.text)
    __I$use$semihosting                      0x000002f9   Thumb Code     0  use_no_semi.o(.text)
    __use_no_semihosting_swi                 0x000002f9   Thumb Code     2  use_no_semi.o(.text)
    __I$use$fp                               0x000002fa   Number         0  usenofp.o(x$fpl$usenofp)
    __semihosting_library_function           0x000002fb   Thumb Code     0  indicate_semi.o(.text)
    SystemInit                               0x00000301   Thumb Code   360  system_lpc17xx.o(.text)
    BUTTON_init                              0x00000489   Thumb Code   106  lib_button.o(.text)
    EINT0_IRQHandler                         0x00000535   Thumb Code    20  irq_button.o(.text)
    EINT1_IRQHandler                         0x00000549   Thumb Code    58  irq_button.o(.text)
    EINT2_IRQHandler                         0x00000583   Thumb Code    58  irq_button.o(.text)
    enable_timer                             0x000005e1   Thumb Code    40  lib_timer.o(.text)
    disable_timer                            0x00000609   Thumb Code    44  lib_timer.o(.text)
    reset_timer                              0x00000635   Thumb Code    62  lib_timer.o(.text)
    init_timer                               0x00000673   Thumb Code    90  lib_timer.o(.text)
    TIMER0_IRQHandler                        0x000006f1   Thumb Code    72  irq_timer.o(.text)
    TouchedArea                              0x00000739   Thumb Code    32  irq_timer.o(.text)
    TIMER1_IRQHandler                        0x00000759   Thumb Code   464  irq_timer.o(.text)
    TIMER2_IRQHandler                        0x00000929   Thumb Code    64  irq_timer.o(.text)
    TIMER3_IRQHandler                        0x00000969   Thumb Code    48  irq_timer.o(.text)
    RIT_IRQHandler                           0x000009cd   Thumb Code   758  irq_rit.o(.text)
    enable_RIT                               0x00000cdd   Thumb Code    12  lib_rit.o(.text)
    disable_RIT                              0x00000ce9   Thumb Code    12  lib_rit.o(.text)
    reset_RIT                                0x00000cf5   Thumb Code     8  lib_rit.o(.text)
    init_RIT                                 0x00000cfd   Thumb Code    58  lib_rit.o(.text)
    joystick_init                            0x00000d41   Thumb Code    54  lib_joystick.o(.text)
    LedAlarmOff                              0x00000d81   Thumb Code    18  requpan.o(.text)
    TurnOnPanel                              0x00000d93   Thumb Code    26  requpan.o(.text)
    PressButton                              0x00000dad   Thumb Code   128  requpan.o(.text)
    InitPanel                                0x00000e2d   Thumb Code     4  requpan.o(.text)
    TurnOffPanel                             0x00000e31   Thumb Code    20  requpan.o(.text)
    LedAlarmOn                               0x00000e45   Thumb Code    18  requpan.o(.text)
    SelectElevator                           0x00000e59   Thumb Code     6  funct_elevatorcontrol.o(.text)
    StatusElevator                           0x00000e5f   Thumb Code     6  funct_elevatorcontrol.o(.text)
    SelectPressed                            0x00000e65   Thumb Code    10  funct_elevatorcontrol.o(.text)
    ControlPathElevator                      0x00000e6f   Thumb Code    22  funct_elevatorcontrol.o(.text)
    MoveElevator                             0x00000e85   Thumb Code    36  funct_elevatorcontrol.o(.text)
    GetReserved                              0x00000ea9   Thumb Code     6  funct_elevatorcontrol.o(.text)
    SetReserved                              0x00000eaf   Thumb Code    52  funct_elevatorcontrol.o(.text)
    GetFaseLampeggio                         0x00000ee3   Thumb Code     6  funct_elevatorcontrol.o(.text)
    SetFaseLampeggio                         0x00000ee9   Thumb Code     6  funct_elevatorcontrol.o(.text)
    ChangeFloor                              0x00000eef   Thumb Code    24  funct_elevatorcontrol.o(.text)
    StatusLedOut                             0x00000f07   Thumb Code    18  funct_elevatorcontrol.o(.text)
    SetEmergencyMode                         0x00000f19   Thumb Code    50  funct_elevatorcontrol.o(.text)
    ElevatorAlarm                            0x00000f4b   Thumb Code    16  funct_elevatorcontrol.o(.text)
    ButtonElevator                           0x00000f5b   Thumb Code    60  funct_elevatorcontrol.o(.text)
    StatusFloor                              0x00000f97   Thumb Code     6  funct_elevatorcontrol.o(.text)
    EmergencyMode                            0x00000f9d   Thumb Code     6  funct_elevatorcontrol.o(.text)
    InterruptButton                          0x00000fa3   Thumb Code     6  funct_elevatorcontrol.o(.text)
    SetInterruptButton                       0x00000fa9   Thumb Code    18  funct_elevatorcontrol.o(.text)
    ButtonEmergencyPressed                   0x00000fbb   Thumb Code    24  funct_elevatorcontrol.o(.text)
    ChangeFrequency                          0x00000fd3   Thumb Code    32  funct_elevatorcontrol.o(.text)
    MaintenanceMode                          0x00000ff3   Thumb Code     6  funct_elevatorcontrol.o(.text)
    TimerNota                                0x00000ff9   Thumb Code    62  funct_elevatorcontrol.o(.text)
    StampoFreccia                            0x00001037   Thumb Code   118  funct_elevatorcontrol.o(.text)
    ShowMenu                                 0x000010ad   Thumb Code   646  funct_elevatorcontrol.o(.text)
    SetAudio                                 0x00001333   Thumb Code    42  funct_elevatorcontrol.o(.text)
    GetAudio                                 0x0000135d   Thumb Code     6  funct_elevatorcontrol.o(.text)
    GetFaseSceltaNota                        0x00001363   Thumb Code     6  funct_elevatorcontrol.o(.text)
    SetFaseSceltaNota                        0x00001369   Thumb Code     6  funct_elevatorcontrol.o(.text)
    GetUscitaMenu                            0x0000136f   Thumb Code     6  funct_elevatorcontrol.o(.text)
    SetUscitaMenu                            0x00001375   Thumb Code     6  funct_elevatorcontrol.o(.text)
    SetMaintenanceMode                       0x0000137b   Thumb Code    74  funct_elevatorcontrol.o(.text)
    TurnOnButtonMaintenance                  0x000013c5   Thumb Code   592  funct_elevatorcontrol.o(.text)
    ReturnButtonTouched                      0x00001615   Thumb Code    16  funct_elevatorcontrol.o(.text)
    RestituisciNota                          0x00001625   Thumb Code    78  funct_elevatorcontrol.o(.text)
    ShowModificaNota                         0x00001673   Thumb Code   322  funct_elevatorcontrol.o(.text)
    StampoScritta                            0x000017b5   Thumb Code    68  funct_elevatorcontrol.o(.text)
    ShowDisplaySave                          0x000017f9   Thumb Code    70  funct_elevatorcontrol.o(.text)
    Default                                  0x0000183f   Thumb Code    72  funct_elevatorcontrol.o(.text)
    AttivaAudio                              0x00001887   Thumb Code   484  funct_elevatorcontrol.o(.text)
    InitElevator                             0x00001ad9   Thumb Code   130  lib_ec.o(.text)
    ActiveElevator                           0x00001b5b   Thumb Code    86  lib_ec.o(.text)
    DeActiveElevator                         0x00001bb1   Thumb Code    56  lib_ec.o(.text)
    ADC_IRQHandler                           0x00001c5d   Thumb Code   104  irq_adc.o(.text)
    ADC_init                                 0x00001ccd   Thumb Code    42  lib_adc.o(.text)
    ADC_start_conversion                     0x00001cf7   Thumb Code    12  lib_adc.o(.text)
    DAC_init                                 0x00001d15   Thumb Code    30  lib_dac.o(.text)
    DAC_convert                              0x00001d33   Thumb Code     6  lib_dac.o(.text)
    GetASCIICode                             0x00001d45   Thumb Code    14  asciilib.o(.text)
    LCD_Initialization                       0x000021c9   Thumb Code  6592  glcd.o(.text)
    LCD_Clear                                0x00003b89   Thumb Code  1066  glcd.o(.text)
    LCD_GetPoint                             0x00003fc5   Thumb Code   620  glcd.o(.text)
    LCD_SetPoint                             0x00004231   Thumb Code   156  glcd.o(.text)
    LCD_DrawLine                             0x000042cd   Thumb Code   244  glcd.o(.text)
    PutChar                                  0x000043c1   Thumb Code    90  glcd.o(.text)
    GUI_Text                                 0x0000441b   Thumb Code    70  glcd.o(.text)
    LCD_Off                                  0x00004461   Thumb Code    26  glcd.o(.text)
    LPC17xx_SPI_SetSpeed                     0x0000447d   Thumb Code    16  touchpanel.o(.text)
    TP_Init                                  0x000044e3   Thumb Code    20  touchpanel.o(.text)
    DelayUS                                  0x000044f7   Thumb Code    20  touchpanel.o(.text)
    Read_X                                   0x0000454d   Thumb Code    34  touchpanel.o(.text)
    Read_Y                                   0x0000456f   Thumb Code    34  touchpanel.o(.text)
    TP_GetAdXY                               0x00004591   Thumb Code    28  touchpanel.o(.text)
    TP_DrawPoint                             0x000045ad   Thumb Code     8  touchpanel.o(.text)
    DrawCross                                0x000045b5   Thumb Code   266  touchpanel.o(.text)
    Read_Ads7846                             0x000046bf   Thumb Code   442  touchpanel.o(.text)
    setCalibrationMatrix                     0x00004879   Thumb Code   334  touchpanel.o(.text)
    getDisplayPoint                          0x000049c7   Thumb Code   166  touchpanel.o(.text)
    TouchPanel_Calibrate                     0x00004a6d   Thumb Code   112  touchpanel.o(.text)
    strcpy                                   0x00004b09   Thumb Code    72  strcpy.o(.text)
    __aeabi_memcpy                           0x00004b51   Thumb Code     0  rt_memcpy_v6.o(.text)
    __rt_memcpy                              0x00004b51   Thumb Code   138  rt_memcpy_v6.o(.text)
    _memcpy_lastbytes                        0x00004bb7   Thumb Code     0  rt_memcpy_v6.o(.text)
    __aeabi_memclr4                          0x00004bdb   Thumb Code     0  rt_memclr_w.o(.text)
    __aeabi_memclr8                          0x00004bdb   Thumb Code     0  rt_memclr_w.o(.text)
    __rt_memclr_w                            0x00004bdb   Thumb Code    78  rt_memclr_w.o(.text)
    _memset_w                                0x00004bdf   Thumb Code     0  rt_memclr_w.o(.text)
    __use_two_region_memory                  0x00004c29   Thumb Code     2  heapauxi.o(.text)
    __rt_heap_escrow$2region                 0x00004c2b   Thumb Code     2  heapauxi.o(.text)
    __rt_heap_expand$2region                 0x00004c2d   Thumb Code     2  heapauxi.o(.text)
    __read_errno                             0x00004c2f   Thumb Code    10  _rserrno.o(.text)
    __set_errno                              0x00004c39   Thumb Code    12  _rserrno.o(.text)
    __aeabi_memcpy4                          0x00004c45   Thumb Code     0  rt_memcpy_w.o(.text)
    __aeabi_memcpy8                          0x00004c45   Thumb Code     0  rt_memcpy_w.o(.text)
    __rt_memcpy_w                            0x00004c45   Thumb Code   100  rt_memcpy_w.o(.text)
    _memcpy_lastbytes_aligned                0x00004c8d   Thumb Code     0  rt_memcpy_w.o(.text)
    __aeabi_errno_addr                       0x00004ca9   Thumb Code     8  rt_errno_addr_intlibspace.o(.text)
    __errno$intlibspace                      0x00004ca9   Thumb Code     0  rt_errno_addr_intlibspace.o(.text)
    __rt_errno_addr$intlibspace              0x00004ca9   Thumb Code     0  rt_errno_addr_intlibspace.o(.text)
    __user_libspace                          0x00004cb1   Thumb Code     8  libspace.o(.text)
    __user_perproc_libspace                  0x00004cb1   Thumb Code     0  libspace.o(.text)
    __user_perthread_libspace                0x00004cb1   Thumb Code     0  libspace.o(.text)
    __user_setup_stackheap                   0x00004cb9   Thumb Code    74  sys_stackheap_outer.o(.text)
    exit                                     0x00004d03   Thumb Code    18  exit.o(.text)
    _sys_exit                                0x00004d15   Thumb Code     8  sys_exit.o(.text)
    __ARM_fpclassify                         0x00004d21   Thumb Code    40  fpclassify.o(i.__ARM_fpclassify)
    __ieee754_rem_pio2                       0x00004d49   Thumb Code   828  rred.o(i.__ieee754_rem_pio2)
    __kernel_cos                             0x000050d1   Thumb Code   230  cos_i.o(i.__kernel_cos)
    __kernel_poly                            0x000051cd   Thumb Code   170  poly.o(i.__kernel_poly)
    __kernel_sin                             0x00005279   Thumb Code   224  sin_i.o(i.__kernel_sin)
    __mathlib_dbl_infnan                     0x00005365   Thumb Code     6  dunder.o(i.__mathlib_dbl_infnan)
    __mathlib_dbl_invalid                    0x0000536b   Thumb Code    12  dunder.o(i.__mathlib_dbl_invalid)
    __mathlib_dbl_underflow                  0x00005379   Thumb Code    10  dunder.o(i.__mathlib_dbl_underflow)
    cos                                      0x00005389   Thumb Code   148  cos.o(i.cos)
    sin                                      0x00005425   Thumb Code   150  sin.o(i.sin)
    __aeabi_dadd                             0x000054c5   Thumb Code     0  daddsub_clz.o(x$fpl$dadd)
    _dadd                                    0x000054c5   Thumb Code   332  daddsub_clz.o(x$fpl$dadd)
    __fpl_dcheck_NaN1                        0x00005615   Thumb Code    10  dcheck1.o(x$fpl$dcheck1)
    __fpl_dcmp_Inf                           0x00005625   Thumb Code    24  dcmpi.o(x$fpl$dcmpinf)
    __aeabi_ddiv                             0x0000563d   Thumb Code     0  ddiv.o(x$fpl$ddiv)
    _ddiv                                    0x0000563d   Thumb Code   552  ddiv.o(x$fpl$ddiv)
    __aeabi_cdcmpeq                          0x000058ed   Thumb Code     0  deqf.o(x$fpl$deqf)
    _dcmpeq                                  0x000058ed   Thumb Code   120  deqf.o(x$fpl$deqf)
    __aeabi_d2iz                             0x00005965   Thumb Code     0  dfix.o(x$fpl$dfix)
    _dfix                                    0x00005965   Thumb Code    94  dfix.o(x$fpl$dfix)
    __aeabi_d2uiz                            0x000059c5   Thumb Code     0  dfixu.o(x$fpl$dfixu)
    _dfixu                                   0x000059c5   Thumb Code    90  dfixu.o(x$fpl$dfixu)
    __aeabi_i2d                              0x00005a1f   Thumb Code     0  dflt_clz.o(x$fpl$dflt)
    _dflt                                    0x00005a1f   Thumb Code    46  dflt_clz.o(x$fpl$dflt)
    __aeabi_ui2d                             0x00005a4d   Thumb Code     0  dflt_clz.o(x$fpl$dfltu)
    _dfltu                                   0x00005a4d   Thumb Code    38  dflt_clz.o(x$fpl$dfltu)
    __aeabi_dmul                             0x00005a75   Thumb Code     0  dmul.o(x$fpl$dmul)
    _dmul                                    0x00005a75   Thumb Code   332  dmul.o(x$fpl$dmul)
    __fpl_dnaninf                            0x00005bc9   Thumb Code   156  dnaninf.o(x$fpl$dnaninf)
    __fpl_dretinf                            0x00005c65   Thumb Code    12  dretinf.o(x$fpl$dretinf)
    __aeabi_drsub                            0x00005c71   Thumb Code     0  daddsub_clz.o(x$fpl$drsb)
    _drsb                                    0x00005c71   Thumb Code    22  daddsub_clz.o(x$fpl$drsb)
    __aeabi_dsub                             0x00005c89   Thumb Code     0  daddsub_clz.o(x$fpl$dsub)
    _dsub                                    0x00005c89   Thumb Code   464  daddsub_clz.o(x$fpl$dsub)
    __aeabi_f2d                              0x00005e5d   Thumb Code     0  f2d.o(x$fpl$f2d)
    _f2d                                     0x00005e5d   Thumb Code    86  f2d.o(x$fpl$f2d)
    __aeabi_i2f                              0x00005eb5   Thumb Code     0  fflt_clz.o(x$fpl$fflt)
    _fflt                                    0x00005eb5   Thumb Code    48  fflt_clz.o(x$fpl$fflt)
    __aeabi_fmul                             0x00005ee5   Thumb Code     0  fmul.o(x$fpl$fmul)
    _fmul                                    0x00005ee5   Thumb Code   258  fmul.o(x$fpl$fmul)
    __fpl_fnaninf                            0x00005fe7   Thumb Code   140  fnaninf.o(x$fpl$fnaninf)
    __fpl_fretinf                            0x00006073   Thumb Code    10  fretinf.o(x$fpl$fretinf)
    __fpl_return_NaN                         0x0000607d   Thumb Code   100  retnan.o(x$fpl$retnan)
    __ARM_scalbn                             0x000060e1   Thumb Code    92  scalbn.o(x$fpl$scalbn)
    __fpl_cmpreturn                          0x0000613d   Thumb Code    48  trapv.o(x$fpl$trapveneer)
    led_mask                                 0x0000616c   Data          32  funct_led.o(.constdata)
    Region$$Table$$Base                      0x000068a0   Number         0  anon$$obj.o(Region$$Table)
    Region$$Table$$Limit                     0x000068c0   Number         0  anon$$obj.o(Region$$Table)
    SystemFrequency                          0x10000000   Data           4  system_lpc17xx.o(.data)
    led_value                                0x10000004   Data           1  lib_led.o(.data)
    VetLed                                   0x10000005   Data           8  lib_led.o(.data)
    semaforo                                 0x10000010   Data           4  irq_button.o(.data)
    value                                    0x10000014   Data           2  irq_timer.o(.data)
    SinTable                                 0x10000024   Data          90  irq_timer.o(.data)
    Floor                                    0x100000a0   Data           1  funct_elevatorcontrol.o(.data)
    PressSelect                              0x100000a1   Data           1  funct_elevatorcontrol.o(.data)
    Arrivato                                 0x100000a2   Data           1  funct_elevatorcontrol.o(.data)
    Automatico                               0x100000a3   Data           1  funct_elevatorcontrol.o(.data)
    FaseLampeggio                            0x100000a4   Data           1  funct_elevatorcontrol.o(.data)
    Reserved                                 0x100000a5   Data           1  funct_elevatorcontrol.o(.data)
    Emergency                                0x100000a6   Data           1  funct_elevatorcontrol.o(.data)
    Maintenance                              0x100000a7   Data           1  funct_elevatorcontrol.o(.data)
    BottonePressato                          0x100000a8   Data           1  funct_elevatorcontrol.o(.data)
    FaseSceltaNota                           0x100000a9   Data           1  funct_elevatorcontrol.o(.data)
    Menu                                     0x100000aa   Data           1  funct_elevatorcontrol.o(.data)
    PaginaDef                                0x100000ab   Data           1  funct_elevatorcontrol.o(.data)
    Save                                     0x100000ac   Data           1  funct_elevatorcontrol.o(.data)
    ModifNota                                0x100000ad   Data           1  funct_elevatorcontrol.o(.data)
    Ascolto                                  0x100000ae   Data           1  funct_elevatorcontrol.o(.data)
    FasediAscolto                            0x100000af   Data           1  funct_elevatorcontrol.o(.data)
    UscitaMenu                               0x100000b0   Data           1  funct_elevatorcontrol.o(.data)
    Button                                   0x100000b1   Data           1  funct_elevatorcontrol.o(.data)
    PathCompleted                            0x100000b4   Data           4  funct_elevatorcontrol.o(.data)
    NotaScelta                               0x100000b8   Data           4  funct_elevatorcontrol.o(.data)
    Count_NOTA1                              0x100000bc   Data           4  funct_elevatorcontrol.o(.data)
    Count_NOTA2                              0x100000c0   Data           4  funct_elevatorcontrol.o(.data)
    NOTA1                                    0x100000c4   Data           4  funct_elevatorcontrol.o(.data)
    NOTA2                                    0x100000c8   Data           4  funct_elevatorcontrol.o(.data)
    NotaProvvisoria1                         0x100000cc   Data           4  funct_elevatorcontrol.o(.data)
    NotaProvvisoria2                         0x100000d0   Data           4  funct_elevatorcontrol.o(.data)
    Nota1Default                             0x100000d4   Data           4  funct_elevatorcontrol.o(.data)
    Nota2Default                             0x100000d8   Data           4  funct_elevatorcontrol.o(.data)
    note                                     0x100000dc   Data         224  funct_elevatorcontrol.o(.data)
    AD_last                                  0x100001bc   Data           2  irq_adc.o(.data)
    AD_current                               0x100001be   Data           2  irq_adc.o(.data)
    DisplaySample                            0x100001ca   Data          12  touchpanel.o(.data)
    display                                  0x100001d6   Data           4  touchpanel.o(.data)
    matrix                                   0x100001e0   Data          56  touchpanel.o(.bss)
    ScreenSample                             0x10000218   Data          12  touchpanel.o(.bss)
    __libspace_start                         0x10000224   Data          96  libspace.o(.bss)
    __temporary_stack_top$libspace           0x10000284   Data           0  libspace.o(.bss)



==============================================================================

Memory Map of the image

  Image Entry point : 0x000000cd

  Load Region LR_IROM1 (Base: 0x00000000, Size: 0x00006a9c, Max: 0x00080000, ABSOLUTE, COMPRESSED[0x000069b4])

    Execution Region ER_IROM1 (Exec base: 0x00000000, Load base: 0x00000000, Size: 0x000068c0, Max: 0x00080000, ABSOLUTE)

    Exec Addr    Load Addr    Size         Type   Attr      Idx    E Section Name        Object

    0x00000000   0x00000000   0x000000cc   Data   RO            3    RESET               startup_lpc17xx.o
    0x000000cc   0x000000cc   0x00000008   Code   RO          678  * !!!main             c_w.l(__main.o)
    0x000000d4   0x000000d4   0x00000034   Code   RO          951    !!!scatter          c_w.l(__scatter.o)
    0x00000108   0x00000108   0x0000005a   Code   RO          949    !!dczerorl2         c_w.l(__dczerorl2.o)
    0x00000162   0x00000162   0x00000002   PAD
    0x00000164   0x00000164   0x0000001c   Code   RO          953    !!handler_zi        c_w.l(__scatter_zi.o)
    0x00000180   0x00000180   0x00000002   Code   RO          816    .ARM.Collect$$libinit$$00000000  c_w.l(libinit.o)
    0x00000182   0x00000182   0x00000000   Code   RO          822    .ARM.Collect$$libinit$$00000002  c_w.l(libinit2.o)
    0x00000182   0x00000182   0x00000000   Code   RO          824    .ARM.Collect$$libinit$$00000004  c_w.l(libinit2.o)
    0x00000182   0x00000182   0x00000000   Code   RO          827    .ARM.Collect$$libinit$$0000000A  c_w.l(libinit2.o)
    0x00000182   0x00000182   0x00000000   Code   RO          829    .ARM.Collect$$libinit$$0000000C  c_w.l(libinit2.o)
    0x00000182   0x00000182   0x00000000   Code   RO          831    .ARM.Collect$$libinit$$0000000E  c_w.l(libinit2.o)
    0x00000182   0x00000182   0x00000000   Code   RO          834    .ARM.Collect$$libinit$$00000011  c_w.l(libinit2.o)
    0x00000182   0x00000182   0x00000000   Code   RO          836    .ARM.Collect$$libinit$$00000013  c_w.l(libinit2.o)
    0x00000182   0x00000182   0x00000000   Code   RO          838    .ARM.Collect$$libinit$$00000015  c_w.l(libinit2.o)
    0x00000182   0x00000182   0x00000000   Code   RO          840    .ARM.Collect$$libinit$$00000017  c_w.l(libinit2.o)
    0x00000182   0x00000182   0x00000000   Code   RO          842    .ARM.Collect$$libinit$$00000019  c_w.l(libinit2.o)
    0x00000182   0x00000182   0x00000000   Code   RO          844    .ARM.Collect$$libinit$$0000001B  c_w.l(libinit2.o)
    0x00000182   0x00000182   0x00000000   Code   RO          846    .ARM.Collect$$libinit$$0000001D  c_w.l(libinit2.o)
    0x00000182   0x00000182   0x00000000   Code   RO          848    .ARM.Collect$$libinit$$0000001F  c_w.l(libinit2.o)
    0x00000182   0x00000182   0x00000000   Code   RO          850    .ARM.Collect$$libinit$$00000021  c_w.l(libinit2.o)
    0x00000182   0x00000182   0x00000000   Code   RO          852    .ARM.Collect$$libinit$$00000023  c_w.l(libinit2.o)
    0x00000182   0x00000182   0x00000000   Code   RO          854    .ARM.Collect$$libinit$$00000025  c_w.l(libinit2.o)
    0x00000182   0x00000182   0x00000000   Code   RO          858    .ARM.Collect$$libinit$$0000002C  c_w.l(libinit2.o)
    0x00000182   0x00000182   0x00000000   Code   RO          860    .ARM.Collect$$libinit$$0000002E  c_w.l(libinit2.o)
    0x00000182   0x00000182   0x00000000   Code   RO          862    .ARM.Collect$$libinit$$00000030  c_w.l(libinit2.o)
    0x00000182   0x00000182   0x00000000   Code   RO          864    .ARM.Collect$$libinit$$00000032  c_w.l(libinit2.o)
    0x00000182   0x00000182   0x00000002   Code   RO          865    .ARM.Collect$$libinit$$00000033  c_w.l(libinit2.o)
    0x00000184   0x00000184   0x00000002   Code   RO          889    .ARM.Collect$$libshutdown$$00000000  c_w.l(libshutdown.o)
    0x00000186   0x00000186   0x00000000   Code   RO          902    .ARM.Collect$$libshutdown$$00000002  c_w.l(libshutdown2.o)
    0x00000186   0x00000186   0x00000000   Code   RO          904    .ARM.Collect$$libshutdown$$00000004  c_w.l(libshutdown2.o)
    0x00000186   0x00000186   0x00000000   Code   RO          907    .ARM.Collect$$libshutdown$$00000007  c_w.l(libshutdown2.o)
    0x00000186   0x00000186   0x00000000   Code   RO          910    .ARM.Collect$$libshutdown$$0000000A  c_w.l(libshutdown2.o)
    0x00000186   0x00000186   0x00000000   Code   RO          912    .ARM.Collect$$libshutdown$$0000000C  c_w.l(libshutdown2.o)
    0x00000186   0x00000186   0x00000000   Code   RO          915    .ARM.Collect$$libshutdown$$0000000F  c_w.l(libshutdown2.o)
    0x00000186   0x00000186   0x00000002   Code   RO          916    .ARM.Collect$$libshutdown$$00000010  c_w.l(libshutdown2.o)
    0x00000188   0x00000188   0x00000000   Code   RO          730    .ARM.Collect$$rtentry$$00000000  c_w.l(__rtentry.o)
    0x00000188   0x00000188   0x00000000   Code   RO          775    .ARM.Collect$$rtentry$$00000002  c_w.l(__rtentry2.o)
    0x00000188   0x00000188   0x00000006   Code   RO          787    .ARM.Collect$$rtentry$$00000004  c_w.l(__rtentry4.o)
    0x0000018e   0x0000018e   0x00000000   Code   RO          777    .ARM.Collect$$rtentry$$00000009  c_w.l(__rtentry2.o)
    0x0000018e   0x0000018e   0x00000004   Code   RO          778    .ARM.Collect$$rtentry$$0000000A  c_w.l(__rtentry2.o)
    0x00000192   0x00000192   0x00000000   Code   RO          780    .ARM.Collect$$rtentry$$0000000C  c_w.l(__rtentry2.o)
    0x00000192   0x00000192   0x00000008   Code   RO          781    .ARM.Collect$$rtentry$$0000000D  c_w.l(__rtentry2.o)
    0x0000019a   0x0000019a   0x00000002   Code   RO          819    .ARM.Collect$$rtexit$$00000000  c_w.l(rtexit.o)
    0x0000019c   0x0000019c   0x00000000   Code   RO          869    .ARM.Collect$$rtexit$$00000002  c_w.l(rtexit2.o)
    0x0000019c   0x0000019c   0x00000004   Code   RO          870    .ARM.Collect$$rtexit$$00000003  c_w.l(rtexit2.o)
    0x000001a0   0x000001a0   0x00000006   Code   RO          871    .ARM.Collect$$rtexit$$00000004  c_w.l(rtexit2.o)
    0x000001a6   0x000001a6   0x00000002   PAD
    0x000001a8   0x000001a8   0x00000034   Code   RO            5    .text               startup_lpc17xx.o
    0x000001dc   0x000001dc   0x00000058   Code   RO           15    .text               sample.o
    0x00000234   0x00000234   0x00000078   Code   RO          125    .text               funct_led.o
    0x000002ac   0x000002ac   0x0000004c   Code   RO          156    .text               lib_led.o
    0x000002f8   0x000002f8   0x00000002   Code   RO          892    .text               c_w.l(use_no_semi.o)
    0x000002fa   0x000002fa   0x00000000   Code   RO          894    .text               c_w.l(indicate_semi.o)
    0x000002fa   0x000002fa   0x00000000   Code   RO          745    x$fpl$usenofp       fz_ws.l(usenofp.o)
    0x000002fa   0x000002fa   0x00000002   PAD
    0x000002fc   0x000002fc   0x00000004   Code   RO            4    .ARM.__at_0x02FC    startup_lpc17xx.o
    0x00000300   0x00000300   0x00000188   Code   RO           95    .text               system_lpc17xx.o
    0x00000488   0x00000488   0x000000ac   Code   RO          179    .text               lib_button.o
    0x00000534   0x00000534   0x000000ac   Code   RO          203    .text               irq_button.o
    0x000005e0   0x000005e0   0x00000110   Code   RO          239    .text               lib_timer.o
    0x000006f0   0x000006f0   0x000002dc   Code   RO          266    .text               irq_timer.o
    0x000009cc   0x000009cc   0x00000310   Code   RO          306    .text               irq_rit.o
    0x00000cdc   0x00000cdc   0x00000064   Code   RO          343    .text               lib_rit.o
    0x00000d40   0x00000d40   0x00000040   Code   RO          383    .text               lib_joystick.o
    0x00000d80   0x00000d80   0x000000d6   Code   RO          403    .text               requpan.o
    0x00000e56   0x00000e56   0x00000002   PAD
    0x00000e58   0x00000e58   0x00000c80   Code   RO          429    .text               funct_elevatorcontrol.o
    0x00001ad8   0x00001ad8   0x00000184   Code   RO          475    .text               lib_ec.o
    0x00001c5c   0x00001c5c   0x00000070   Code   RO          496    .text               irq_adc.o
    0x00001ccc   0x00001ccc   0x00000048   Code   RO          531    .text               lib_adc.o
    0x00001d14   0x00001d14   0x00000030   Code   RO          551    .text               lib_dac.o
    0x00001d44   0x00001d44   0x00000014   Code   RO          572    .text               asciilib.o
    0x00001d58   0x00001d58   0x00002722   Code   RO          591    .text               glcd.o
    0x0000447a   0x0000447a   0x00000002   PAD
    0x0000447c   0x0000447c   0x0000068c   Code   RO          639    .text               touchpanel.o
    0x00004b08   0x00004b08   0x00000048   Code   RO          670    .text               c_w.l(strcpy.o)
    0x00004b50   0x00004b50   0x0000008a   Code   RO          672    .text               c_w.l(rt_memcpy_v6.o)
    0x00004bda   0x00004bda   0x0000004e   Code   RO          674    .text               c_w.l(rt_memclr_w.o)
    0x00004c28   0x00004c28   0x00000006   Code   RO          676    .text               c_w.l(heapauxi.o)
    0x00004c2e   0x00004c2e   0x00000016   Code   RO          731    .text               c_w.l(_rserrno.o)
    0x00004c44   0x00004c44   0x00000064   Code   RO          733    .text               c_w.l(rt_memcpy_w.o)
    0x00004ca8   0x00004ca8   0x00000008   Code   RO          792    .text               c_w.l(rt_errno_addr_intlibspace.o)
    0x00004cb0   0x00004cb0   0x00000008   Code   RO          804    .text               c_w.l(libspace.o)
    0x00004cb8   0x00004cb8   0x0000004a   Code   RO          807    .text               c_w.l(sys_stackheap_outer.o)
    0x00004d02   0x00004d02   0x00000012   Code   RO          809    .text               c_w.l(exit.o)
    0x00004d14   0x00004d14   0x0000000c   Code   RO          881    .text               c_w.l(sys_exit.o)
    0x00004d20   0x00004d20   0x00000028   Code   RO          800    i.__ARM_fpclassify  m_ws.l(fpclassify.o)
    0x00004d48   0x00004d48   0x00000388   Code   RO          763    i.__ieee754_rem_pio2  m_ws.l(rred.o)
    0x000050d0   0x000050d0   0x000000fc   Code   RO          746    i.__kernel_cos      m_ws.l(cos_i.o)
    0x000051cc   0x000051cc   0x000000aa   Code   RO          802    i.__kernel_poly     m_ws.l(poly.o)
    0x00005276   0x00005276   0x00000002   PAD
    0x00005278   0x00005278   0x000000ec   Code   RO          768    i.__kernel_sin      m_ws.l(sin_i.o)
    0x00005364   0x00005364   0x00000006   Code   RO          750    i.__mathlib_dbl_infnan  m_ws.l(dunder.o)
    0x0000536a   0x0000536a   0x0000000c   Code   RO          752    i.__mathlib_dbl_invalid  m_ws.l(dunder.o)
    0x00005376   0x00005376   0x00000002   PAD
    0x00005378   0x00005378   0x00000010   Code   RO          755    i.__mathlib_dbl_underflow  m_ws.l(dunder.o)
    0x00005388   0x00005388   0x0000009c   Code   RO          715    i.cos               m_ws.l(cos.o)
    0x00005424   0x00005424   0x000000a0   Code   RO          723    i.sin               m_ws.l(sin.o)
    0x000054c4   0x000054c4   0x00000150   Code   RO          680    x$fpl$dadd          fz_ws.l(daddsub_clz.o)
    0x00005614   0x00005614   0x00000010   Code   RO          817    x$fpl$dcheck1       fz_ws.l(dcheck1.o)
    0x00005624   0x00005624   0x00000018   Code   RO          735    x$fpl$dcmpinf       fz_ws.l(dcmpi.o)
    0x0000563c   0x0000563c   0x000002b0   Code   RO          687    x$fpl$ddiv          fz_ws.l(ddiv.o)
    0x000058ec   0x000058ec   0x00000078   Code   RO          690    x$fpl$deqf          fz_ws.l(deqf.o)
    0x00005964   0x00005964   0x0000005e   Code   RO          794    x$fpl$dfix          fz_ws.l(dfix.o)
    0x000059c2   0x000059c2   0x00000002   PAD
    0x000059c4   0x000059c4   0x0000005a   Code   RO          692    x$fpl$dfixu         fz_ws.l(dfixu.o)
    0x00005a1e   0x00005a1e   0x0000002e   Code   RO          697    x$fpl$dflt          fz_ws.l(dflt_clz.o)
    0x00005a4c   0x00005a4c   0x00000026   Code   RO          696    x$fpl$dfltu         fz_ws.l(dflt_clz.o)
    0x00005a72   0x00005a72   0x00000002   PAD
    0x00005a74   0x00005a74   0x00000154   Code   RO          702    x$fpl$dmul          fz_ws.l(dmul.o)
    0x00005bc8   0x00005bc8   0x0000009c   Code   RO          737    x$fpl$dnaninf       fz_ws.l(dnaninf.o)
    0x00005c64   0x00005c64   0x0000000c   Code   RO          739    x$fpl$dretinf       fz_ws.l(dretinf.o)
    0x00005c70   0x00005c70   0x00000016   Code   RO          681    x$fpl$drsb          fz_ws.l(daddsub_clz.o)
    0x00005c86   0x00005c86   0x00000002   PAD
    0x00005c88   0x00005c88   0x000001d4   Code   RO          682    x$fpl$dsub          fz_ws.l(daddsub_clz.o)
    0x00005e5c   0x00005e5c   0x00000056   Code   RO          704    x$fpl$f2d           fz_ws.l(f2d.o)
    0x00005eb2   0x00005eb2   0x00000002   PAD
    0x00005eb4   0x00005eb4   0x00000030   Code   RO          707    x$fpl$fflt          fz_ws.l(fflt_clz.o)
    0x00005ee4   0x00005ee4   0x00000102   Code   RO          712    x$fpl$fmul          fz_ws.l(fmul.o)
    0x00005fe6   0x00005fe6   0x0000008c   Code   RO          741    x$fpl$fnaninf       fz_ws.l(fnaninf.o)
    0x00006072   0x00006072   0x0000000a   Code   RO          743    x$fpl$fretinf       fz_ws.l(fretinf.o)
    0x0000607c   0x0000607c   0x00000064   Code   RO          866    x$fpl$retnan        fz_ws.l(retnan.o)
    0x000060e0   0x000060e0   0x0000005c   Code   RO          798    x$fpl$scalbn        fz_ws.l(scalbn.o)
    0x0000613c   0x0000613c   0x00000030   Code   RO          879    x$fpl$trapveneer    fz_ws.l(trapv.o)
    0x0000616c   0x0000616c   0x00000020   Data   RO          126    .constdata          funct_led.o
    0x0000618c   0x0000618c   0x000005f0   Data   RO          573    .constdata          asciilib.o
    0x0000677c   0x0000677c   0x00000004   PAD
    0x00006780   0x00006780   0x00000030   Data   RO          747    .constdata          m_ws.l(cos_i.o)
    0x000067b0   0x000067b0   0x000000c8   Data   RO          765    .constdata          m_ws.l(rred.o)
    0x00006878   0x00006878   0x00000028   Data   RO          769    .constdata          m_ws.l(sin_i.o)
    0x000068a0   0x000068a0   0x00000020   Data   RO          947    Region$$Table       anon$$obj.o


    Execution Region RW_IRAM1 (Exec base: 0x10000000, Load base: 0x000068c0, Size: 0x00000488, Max: 0x00008000, ABSOLUTE, COMPRESSED[0x000000f4])

    Exec Addr    Load Addr    Size         Type   Attr      Idx    E Section Name        Object

    0x10000000   COMPRESSED   0x00000004   Data   RW           96    .data               system_lpc17xx.o
    0x10000004   COMPRESSED   0x00000009   Data   RW          157    .data               lib_led.o
    0x1000000d   COMPRESSED   0x00000003   PAD
    0x10000010   COMPRESSED   0x00000004   Data   RW          204    .data               irq_button.o
    0x10000014   COMPRESSED   0x0000006a   Data   RW          267    .data               irq_timer.o
    0x1000007e   COMPRESSED   0x00000002   PAD
    0x10000080   COMPRESSED   0x00000020   Data   RW          307    .data               irq_rit.o
    0x100000a0   COMPRESSED   0x0000011c   Data   RW          430    .data               funct_elevatorcontrol.o
    0x100001bc   COMPRESSED   0x00000008   Data   RW          497    .data               irq_adc.o
    0x100001c4   COMPRESSED   0x00000001   Data   RW          592    .data               glcd.o
    0x100001c5   COMPRESSED   0x00000001   PAD
    0x100001c6   COMPRESSED   0x00000010   Data   RW          641    .data               touchpanel.o
    0x100001d6   COMPRESSED   0x00000004   Data   RW          642    .data               touchpanel.o
    0x100001da   COMPRESSED   0x00000006   PAD
    0x100001e0        -       0x00000044   Zero   RW          640    .bss                touchpanel.o
    0x10000224        -       0x00000060   Zero   RW          805    .bss                c_w.l(libspace.o)
    0x10000284   COMPRESSED   0x00000004   PAD
    0x10000288        -       0x00000000   Zero   RW            2    HEAP                startup_lpc17xx.o
    0x10000288        -       0x00000200   Zero   RW            1    STACK               startup_lpc17xx.o


==============================================================================

Image component sizes


      Code (inc. data)   RO Data    RW Data    ZI Data      Debug   Object Name

        20          6       1520          0          0       1039   asciilib.o
      3200        458          0        284          0      11321   funct_elevatorcontrol.o
       120         16         32          0          0      18379   funct_led.o
     10018         56          0          1          0      31603   glcd.o
       112          8          0          8          0        910   irq_adc.o
       172         14          0          4          0      24887   irq_button.o
       784         26          0         32          0       1549   irq_rit.o
       732         52          0        106          0       2804   irq_timer.o
        72         18          0          0          0        620   lib_adc.o
       172         12          0          0          0      24529   lib_button.o
        48         12          0          0          0        555   lib_dac.o
       388         94          0          0          0       1175   lib_ec.o
        64         10          0          0          0        468   lib_joystick.o
        76         12          0          9          0       1281   lib_led.o
       100         10          0          0          0        920   lib_rit.o
       272         14          0          0          0      25335   lib_timer.o
       214          0          0          0          0       1352   requpan.o
        88         10          0          0          0       5007   sample.o
        56         22        204          0        512       1048   startup_lpc17xx.o
       392         32          0          4          0        855   system_lpc17xx.o
      1676         66          0         20         68       5974   touchpanel.o

    ----------------------------------------------------------------------
     18780        948       1792        476        584     161611   Object Totals
         0          0         32          0          0          0   (incl. Generated)
         4          0          4          8          4          0   (incl. Padding)

    ----------------------------------------------------------------------

      Code (inc. data)   RO Data    RW Data    ZI Data      Debug   Library Member Name

        90          0          0          0          0          0   __dczerorl2.o
         8          0          0          0          0         68   __main.o
         0          0          0          0          0          0   __rtentry.o
        12          0          0          0          0          0   __rtentry2.o
         6          0          0          0          0          0   __rtentry4.o
        52          8          0          0          0          0   __scatter.o
        28          0          0          0          0          0   __scatter_zi.o
        22          0          0          0          0        100   _rserrno.o
        18          0          0          0          0         80   exit.o
         6          0          0          0          0        152   heapauxi.o
         0          0          0          0          0          0   indicate_semi.o
         2          0          0          0          0          0   libinit.o
         2          0          0          0          0          0   libinit2.o
         2          0          0          0          0          0   libshutdown.o
         2          0          0          0          0          0   libshutdown2.o
         8          4          0          0         96         68   libspace.o
         8          4          0          0          0         68   rt_errno_addr_intlibspace.o
        78          0          0          0          0         80   rt_memclr_w.o
       138          0          0          0          0         68   rt_memcpy_v6.o
       100          0          0          0          0         80   rt_memcpy_w.o
         2          0          0          0          0          0   rtexit.o
        10          0          0          0          0          0   rtexit2.o
        72          0          0          0          0         80   strcpy.o
        12          4          0          0          0         68   sys_exit.o
        74          0          0          0          0         80   sys_stackheap_outer.o
         2          0          0          0          0         68   use_no_semi.o
       826         16          0          0          0        348   daddsub_clz.o
        16          4          0          0          0         68   dcheck1.o
        24          0          0          0          0         68   dcmpi.o
       688        140          0          0          0        208   ddiv.o
       120          4          0          0          0         92   deqf.o
        94          4          0          0          0         92   dfix.o
        90          4          0          0          0         92   dfixu.o
        84          0          0          0          0        136   dflt_clz.o
       340         12          0          0          0        104   dmul.o
       156          4          0          0          0         92   dnaninf.o
        12          0          0          0          0         68   dretinf.o
        86          4          0          0          0         84   f2d.o
        48          0          0          0          0         68   fflt_clz.o
       258          4          0          0          0         84   fmul.o
       140          4          0          0          0         84   fnaninf.o
        10          0          0          0          0         68   fretinf.o
       100          0          0          0          0         68   retnan.o
        92          0          0          0          0         68   scalbn.o
        48          0          0          0          0         68   trapv.o
         0          0          0          0          0          0   usenofp.o
       156          8          0          0          0        104   cos.o
       252         22         48          0          0        124   cos_i.o
        34          6          0          0          0        204   dunder.o
        40          0          0          0          0         68   fpclassify.o
       170          0          0          0          0         96   poly.o
       904         76        200          0          0        140   rred.o
       160         10          0          0          0        108   sin.o
       236         12         40          0          0        128   sin_i.o

    ----------------------------------------------------------------------
      5956        354        288          0        100       3992   Library Totals
        18          0          0          0          4          0   (incl. Padding)

    ----------------------------------------------------------------------

      Code (inc. data)   RO Data    RW Data    ZI Data      Debug   Library Name

       754         20          0          0         96       1060   c_w.l
      3232        200          0          0          0       1960   fz_ws.l
      1952        134        288          0          0        972   m_ws.l

    ----------------------------------------------------------------------
      5956        354        288          0        100       3992   Library Totals

    ----------------------------------------------------------------------

==============================================================================


      Code (inc. data)   RO Data    RW Data    ZI Data      Debug   

     24736       1302       2080        476        684     162219   Grand Totals
     24736       1302       2080        244        684     162219   ELF Image Totals (compressed)
     24736       1302       2080        244          0          0   ROM Totals

==============================================================================

    Total RO  Size (Code + RO Data)                26816 (  26.19kB)
    Total RW  Size (RW Data + ZI Data)              1160 (   1.13kB)
    Total ROM Size (Code + RO Data + RW Data)      27060 (  26.43kB)

==============================================================================

